METRIC architecture=decrypt-overlap-1r64b case=perf-iv12-aad0-data0-encrypt mode=encrypt iv_bytes=12 aad_bytes=0 data_bytes=0 key_setup_cycles=8 warm_cycles=49 cold_cycles=57 bytes_per_cycle=null cycles_per_byte=null stalls=0
METRIC architecture=decrypt-overlap-1r64b case=perf-iv12-aad0-data0-decrypt mode=decrypt iv_bytes=12 aad_bytes=0 data_bytes=0 key_setup_cycles=8 warm_cycles=50 cold_cycles=58 bytes_per_cycle=null cycles_per_byte=null stalls=0
METRIC architecture=decrypt-overlap-1r64b case=perf-iv12-aad0-data1-encrypt mode=encrypt iv_bytes=12 aad_bytes=0 data_bytes=1 key_setup_cycles=8 warm_cycles=71 cold_cycles=79 bytes_per_cycle=0.014084507 cycles_per_byte=71.000000000 stalls=0
METRIC architecture=decrypt-overlap-1r64b case=perf-iv12-aad0-data1-decrypt mode=decrypt iv_bytes=12 aad_bytes=0 data_bytes=1 key_setup_cycles=8 warm_cycles=68 cold_cycles=76 bytes_per_cycle=0.014705882 cycles_per_byte=68.000000000 stalls=0
METRIC architecture=decrypt-overlap-1r64b case=perf-iv12-aad0-data15-encrypt mode=encrypt iv_bytes=12 aad_bytes=0 data_bytes=15 key_setup_cycles=8 warm_cycles=99 cold_cycles=107 bytes_per_cycle=0.151515152 cycles_per_byte=6.600000000 stalls=0
METRIC architecture=decrypt-overlap-1r64b case=perf-iv12-aad0-data15-decrypt mode=decrypt iv_bytes=12 aad_bytes=0 data_bytes=15 key_setup_cycles=8 warm_cycles=96 cold_cycles=104 bytes_per_cycle=0.156250000 cycles_per_byte=6.400000000 stalls=0
METRIC architecture=decrypt-overlap-1r64b case=perf-iv12-aad0-data16-encrypt mode=encrypt iv_bytes=12 aad_bytes=0 data_bytes=16 key_setup_cycles=8 warm_cycles=101 cold_cycles=109 bytes_per_cycle=0.158415842 cycles_per_byte=6.312500000 stalls=0
METRIC architecture=decrypt-overlap-1r64b case=perf-iv12-aad0-data16-decrypt mode=decrypt iv_bytes=12 aad_bytes=0 data_bytes=16 key_setup_cycles=8 warm_cycles=98 cold_cycles=106 bytes_per_cycle=0.163265306 cycles_per_byte=6.125000000 stalls=0
METRIC architecture=decrypt-overlap-1r64b case=perf-iv12-aad0-data17-encrypt mode=encrypt iv_bytes=12 aad_bytes=0 data_bytes=17 key_setup_cycles=8 warm_cycles=123 cold_cycles=131 bytes_per_cycle=0.138211382 cycles_per_byte=7.235294118 stalls=0
METRIC architecture=decrypt-overlap-1r64b case=perf-iv12-aad0-data17-decrypt mode=decrypt iv_bytes=12 aad_bytes=0 data_bytes=17 key_setup_cycles=8 warm_cycles=116 cold_cycles=124 bytes_per_cycle=0.146551724 cycles_per_byte=6.823529412 stalls=0
METRIC architecture=decrypt-overlap-1r64b case=perf-iv12-aad0-data31-encrypt mode=encrypt iv_bytes=12 aad_bytes=0 data_bytes=31 key_setup_cycles=8 warm_cycles=151 cold_cycles=159 bytes_per_cycle=0.205298013 cycles_per_byte=4.870967742 stalls=0
METRIC architecture=decrypt-overlap-1r64b case=perf-iv12-aad0-data31-decrypt mode=decrypt iv_bytes=12 aad_bytes=0 data_bytes=31 key_setup_cycles=8 warm_cycles=144 cold_cycles=152 bytes_per_cycle=0.215277778 cycles_per_byte=4.645161290 stalls=0
METRIC architecture=decrypt-overlap-1r64b case=perf-iv12-aad0-data32-encrypt mode=encrypt iv_bytes=12 aad_bytes=0 data_bytes=32 key_setup_cycles=8 warm_cycles=153 cold_cycles=161 bytes_per_cycle=0.209150327 cycles_per_byte=4.781250000 stalls=0
METRIC architecture=decrypt-overlap-1r64b case=perf-iv12-aad0-data32-decrypt mode=decrypt iv_bytes=12 aad_bytes=0 data_bytes=32 key_setup_cycles=8 warm_cycles=146 cold_cycles=154 bytes_per_cycle=0.219178082 cycles_per_byte=4.562500000 stalls=0
METRIC architecture=decrypt-overlap-1r64b case=perf-iv12-aad0-data64-encrypt mode=encrypt iv_bytes=12 aad_bytes=0 data_bytes=64 key_setup_cycles=8 warm_cycles=257 cold_cycles=265 bytes_per_cycle=0.249027237 cycles_per_byte=4.015625000 stalls=0
METRIC architecture=decrypt-overlap-1r64b case=perf-iv12-aad0-data64-decrypt mode=decrypt iv_bytes=12 aad_bytes=0 data_bytes=64 key_setup_cycles=8 warm_cycles=242 cold_cycles=250 bytes_per_cycle=0.264462810 cycles_per_byte=3.781250000 stalls=0
METRIC architecture=decrypt-overlap-1r64b case=perf-iv12-aad16-data0-encrypt mode=encrypt iv_bytes=12 aad_bytes=16 data_bytes=0 key_setup_cycles=8 warm_cycles=69 cold_cycles=77 bytes_per_cycle=null cycles_per_byte=null stalls=0
METRIC architecture=decrypt-overlap-1r64b case=perf-iv12-aad16-data0-decrypt mode=decrypt iv_bytes=12 aad_bytes=16 data_bytes=0 key_setup_cycles=8 warm_cycles=70 cold_cycles=78 bytes_per_cycle=null cycles_per_byte=null stalls=0
METRIC architecture=decrypt-overlap-1r64b case=perf-iv12-aad16-data1-encrypt mode=encrypt iv_bytes=12 aad_bytes=16 data_bytes=1 key_setup_cycles=8 warm_cycles=91 cold_cycles=99 bytes_per_cycle=0.010989011 cycles_per_byte=91.000000000 stalls=0
METRIC architecture=decrypt-overlap-1r64b case=perf-iv12-aad16-data1-decrypt mode=decrypt iv_bytes=12 aad_bytes=16 data_bytes=1 key_setup_cycles=8 warm_cycles=88 cold_cycles=96 bytes_per_cycle=0.011363636 cycles_per_byte=88.000000000 stalls=0
METRIC architecture=decrypt-overlap-1r64b case=perf-iv12-aad16-data15-encrypt mode=encrypt iv_bytes=12 aad_bytes=16 data_bytes=15 key_setup_cycles=8 warm_cycles=119 cold_cycles=127 bytes_per_cycle=0.126050420 cycles_per_byte=7.933333333 stalls=0
METRIC architecture=decrypt-overlap-1r64b case=perf-iv12-aad16-data15-decrypt mode=decrypt iv_bytes=12 aad_bytes=16 data_bytes=15 key_setup_cycles=8 warm_cycles=116 cold_cycles=124 bytes_per_cycle=0.129310345 cycles_per_byte=7.733333333 stalls=0
METRIC architecture=decrypt-overlap-1r64b case=perf-iv12-aad16-data16-encrypt mode=encrypt iv_bytes=12 aad_bytes=16 data_bytes=16 key_setup_cycles=8 warm_cycles=121 cold_cycles=129 bytes_per_cycle=0.132231405 cycles_per_byte=7.562500000 stalls=0
METRIC architecture=decrypt-overlap-1r64b case=perf-iv12-aad16-data16-decrypt mode=decrypt iv_bytes=12 aad_bytes=16 data_bytes=16 key_setup_cycles=8 warm_cycles=118 cold_cycles=126 bytes_per_cycle=0.135593220 cycles_per_byte=7.375000000 stalls=0
METRIC architecture=decrypt-overlap-1r64b case=perf-iv12-aad16-data17-encrypt mode=encrypt iv_bytes=12 aad_bytes=16 data_bytes=17 key_setup_cycles=8 warm_cycles=143 cold_cycles=151 bytes_per_cycle=0.118881119 cycles_per_byte=8.411764706 stalls=0
METRIC architecture=decrypt-overlap-1r64b case=perf-iv12-aad16-data17-decrypt mode=decrypt iv_bytes=12 aad_bytes=16 data_bytes=17 key_setup_cycles=8 warm_cycles=136 cold_cycles=144 bytes_per_cycle=0.125000000 cycles_per_byte=8.000000000 stalls=0
METRIC architecture=decrypt-overlap-1r64b case=perf-iv12-aad16-data31-encrypt mode=encrypt iv_bytes=12 aad_bytes=16 data_bytes=31 key_setup_cycles=8 warm_cycles=171 cold_cycles=179 bytes_per_cycle=0.181286550 cycles_per_byte=5.516129032 stalls=0
METRIC architecture=decrypt-overlap-1r64b case=perf-iv12-aad16-data31-decrypt mode=decrypt iv_bytes=12 aad_bytes=16 data_bytes=31 key_setup_cycles=8 warm_cycles=164 cold_cycles=172 bytes_per_cycle=0.189024390 cycles_per_byte=5.290322581 stalls=0
METRIC architecture=decrypt-overlap-1r64b case=perf-iv12-aad16-data32-encrypt mode=encrypt iv_bytes=12 aad_bytes=16 data_bytes=32 key_setup_cycles=8 warm_cycles=173 cold_cycles=181 bytes_per_cycle=0.184971098 cycles_per_byte=5.406250000 stalls=0
METRIC architecture=decrypt-overlap-1r64b case=perf-iv12-aad16-data32-decrypt mode=decrypt iv_bytes=12 aad_bytes=16 data_bytes=32 key_setup_cycles=8 warm_cycles=166 cold_cycles=174 bytes_per_cycle=0.192771084 cycles_per_byte=5.187500000 stalls=0
METRIC architecture=decrypt-overlap-1r64b case=perf-iv12-aad16-data64-encrypt mode=encrypt iv_bytes=12 aad_bytes=16 data_bytes=64 key_setup_cycles=8 warm_cycles=277 cold_cycles=285 bytes_per_cycle=0.231046931 cycles_per_byte=4.328125000 stalls=0
METRIC architecture=decrypt-overlap-1r64b case=perf-iv12-aad16-data64-decrypt mode=decrypt iv_bytes=12 aad_bytes=16 data_bytes=64 key_setup_cycles=8 warm_cycles=262 cold_cycles=270 bytes_per_cycle=0.244274809 cycles_per_byte=4.093750000 stalls=0
METRIC architecture=decrypt-overlap-1r64b case=perf-iv12-aad64-data0-encrypt mode=encrypt iv_bytes=12 aad_bytes=64 data_bytes=0 key_setup_cycles=8 warm_cycles=129 cold_cycles=137 bytes_per_cycle=null cycles_per_byte=null stalls=0
METRIC architecture=decrypt-overlap-1r64b case=perf-iv12-aad64-data0-decrypt mode=decrypt iv_bytes=12 aad_bytes=64 data_bytes=0 key_setup_cycles=8 warm_cycles=130 cold_cycles=138 bytes_per_cycle=null cycles_per_byte=null stalls=0
METRIC architecture=decrypt-overlap-1r64b case=perf-iv12-aad64-data1-encrypt mode=encrypt iv_bytes=12 aad_bytes=64 data_bytes=1 key_setup_cycles=8 warm_cycles=151 cold_cycles=159 bytes_per_cycle=0.006622517 cycles_per_byte=151.000000000 stalls=0
METRIC architecture=decrypt-overlap-1r64b case=perf-iv12-aad64-data1-decrypt mode=decrypt iv_bytes=12 aad_bytes=64 data_bytes=1 key_setup_cycles=8 warm_cycles=148 cold_cycles=156 bytes_per_cycle=0.006756757 cycles_per_byte=148.000000000 stalls=0
METRIC architecture=decrypt-overlap-1r64b case=perf-iv12-aad64-data15-encrypt mode=encrypt iv_bytes=12 aad_bytes=64 data_bytes=15 key_setup_cycles=8 warm_cycles=179 cold_cycles=187 bytes_per_cycle=0.083798883 cycles_per_byte=11.933333333 stalls=0
METRIC architecture=decrypt-overlap-1r64b case=perf-iv12-aad64-data15-decrypt mode=decrypt iv_bytes=12 aad_bytes=64 data_bytes=15 key_setup_cycles=8 warm_cycles=176 cold_cycles=184 bytes_per_cycle=0.085227273 cycles_per_byte=11.733333333 stalls=0
METRIC architecture=decrypt-overlap-1r64b case=perf-iv12-aad64-data16-encrypt mode=encrypt iv_bytes=12 aad_bytes=64 data_bytes=16 key_setup_cycles=8 warm_cycles=181 cold_cycles=189 bytes_per_cycle=0.088397790 cycles_per_byte=11.312500000 stalls=0
METRIC architecture=decrypt-overlap-1r64b case=perf-iv12-aad64-data16-decrypt mode=decrypt iv_bytes=12 aad_bytes=64 data_bytes=16 key_setup_cycles=8 warm_cycles=178 cold_cycles=186 bytes_per_cycle=0.089887640 cycles_per_byte=11.125000000 stalls=0
METRIC architecture=decrypt-overlap-1r64b case=perf-iv12-aad64-data17-encrypt mode=encrypt iv_bytes=12 aad_bytes=64 data_bytes=17 key_setup_cycles=8 warm_cycles=203 cold_cycles=211 bytes_per_cycle=0.083743842 cycles_per_byte=11.941176471 stalls=0
METRIC architecture=decrypt-overlap-1r64b case=perf-iv12-aad64-data17-decrypt mode=decrypt iv_bytes=12 aad_bytes=64 data_bytes=17 key_setup_cycles=8 warm_cycles=196 cold_cycles=204 bytes_per_cycle=0.086734694 cycles_per_byte=11.529411765 stalls=0
METRIC architecture=decrypt-overlap-1r64b case=perf-iv12-aad64-data31-encrypt mode=encrypt iv_bytes=12 aad_bytes=64 data_bytes=31 key_setup_cycles=8 warm_cycles=231 cold_cycles=239 bytes_per_cycle=0.134199134 cycles_per_byte=7.451612903 stalls=0
METRIC architecture=decrypt-overlap-1r64b case=perf-iv12-aad64-data31-decrypt mode=decrypt iv_bytes=12 aad_bytes=64 data_bytes=31 key_setup_cycles=8 warm_cycles=224 cold_cycles=232 bytes_per_cycle=0.138392857 cycles_per_byte=7.225806452 stalls=0
METRIC architecture=decrypt-overlap-1r64b case=perf-iv12-aad64-data32-encrypt mode=encrypt iv_bytes=12 aad_bytes=64 data_bytes=32 key_setup_cycles=8 warm_cycles=233 cold_cycles=241 bytes_per_cycle=0.137339056 cycles_per_byte=7.281250000 stalls=0
METRIC architecture=decrypt-overlap-1r64b case=perf-iv12-aad64-data32-decrypt mode=decrypt iv_bytes=12 aad_bytes=64 data_bytes=32 key_setup_cycles=8 warm_cycles=226 cold_cycles=234 bytes_per_cycle=0.141592920 cycles_per_byte=7.062500000 stalls=0
METRIC architecture=decrypt-overlap-1r64b case=perf-iv12-aad64-data64-encrypt mode=encrypt iv_bytes=12 aad_bytes=64 data_bytes=64 key_setup_cycles=8 warm_cycles=337 cold_cycles=345 bytes_per_cycle=0.189910979 cycles_per_byte=5.265625000 stalls=0
METRIC architecture=decrypt-overlap-1r64b case=perf-iv12-aad64-data64-decrypt mode=decrypt iv_bytes=12 aad_bytes=64 data_bytes=64 key_setup_cycles=8 warm_cycles=322 cold_cycles=330 bytes_per_cycle=0.198757764 cycles_per_byte=5.031250000 stalls=0
METRIC architecture=decrypt-overlap-1r64b case=perf-iv1-aad0-data0-encrypt mode=encrypt iv_bytes=1 aad_bytes=0 data_bytes=0 key_setup_cycles=8 warm_cycles=46 cold_cycles=54 bytes_per_cycle=null cycles_per_byte=null stalls=0
METRIC architecture=decrypt-overlap-1r64b case=perf-iv1-aad0-data0-decrypt mode=decrypt iv_bytes=1 aad_bytes=0 data_bytes=0 key_setup_cycles=8 warm_cycles=47 cold_cycles=55 bytes_per_cycle=null cycles_per_byte=null stalls=0
METRIC architecture=decrypt-overlap-1r64b case=perf-iv1-aad0-data1-encrypt mode=encrypt iv_bytes=1 aad_bytes=0 data_bytes=1 key_setup_cycles=8 warm_cycles=68 cold_cycles=76 bytes_per_cycle=0.014705882 cycles_per_byte=68.000000000 stalls=0
METRIC architecture=decrypt-overlap-1r64b case=perf-iv1-aad0-data1-decrypt mode=decrypt iv_bytes=1 aad_bytes=0 data_bytes=1 key_setup_cycles=8 warm_cycles=65 cold_cycles=73 bytes_per_cycle=0.015384615 cycles_per_byte=65.000000000 stalls=0
METRIC architecture=decrypt-overlap-1r64b case=perf-iv1-aad0-data15-encrypt mode=encrypt iv_bytes=1 aad_bytes=0 data_bytes=15 key_setup_cycles=8 warm_cycles=96 cold_cycles=104 bytes_per_cycle=0.156250000 cycles_per_byte=6.400000000 stalls=0
METRIC architecture=decrypt-overlap-1r64b case=perf-iv1-aad0-data15-decrypt mode=decrypt iv_bytes=1 aad_bytes=0 data_bytes=15 key_setup_cycles=8 warm_cycles=93 cold_cycles=101 bytes_per_cycle=0.161290323 cycles_per_byte=6.200000000 stalls=0
METRIC architecture=decrypt-overlap-1r64b case=perf-iv1-aad0-data16-encrypt mode=encrypt iv_bytes=1 aad_bytes=0 data_bytes=16 key_setup_cycles=8 warm_cycles=98 cold_cycles=106 bytes_per_cycle=0.163265306 cycles_per_byte=6.125000000 stalls=0
METRIC architecture=decrypt-overlap-1r64b case=perf-iv1-aad0-data16-decrypt mode=decrypt iv_bytes=1 aad_bytes=0 data_bytes=16 key_setup_cycles=8 warm_cycles=95 cold_cycles=103 bytes_per_cycle=0.168421053 cycles_per_byte=5.937500000 stalls=0
METRIC architecture=decrypt-overlap-1r64b case=perf-iv1-aad0-data17-encrypt mode=encrypt iv_bytes=1 aad_bytes=0 data_bytes=17 key_setup_cycles=8 warm_cycles=120 cold_cycles=128 bytes_per_cycle=0.141666667 cycles_per_byte=7.058823529 stalls=0
METRIC architecture=decrypt-overlap-1r64b case=perf-iv1-aad0-data17-decrypt mode=decrypt iv_bytes=1 aad_bytes=0 data_bytes=17 key_setup_cycles=8 warm_cycles=113 cold_cycles=121 bytes_per_cycle=0.150442478 cycles_per_byte=6.647058824 stalls=0
METRIC architecture=decrypt-overlap-1r64b case=perf-iv1-aad0-data31-encrypt mode=encrypt iv_bytes=1 aad_bytes=0 data_bytes=31 key_setup_cycles=8 warm_cycles=148 cold_cycles=156 bytes_per_cycle=0.209459459 cycles_per_byte=4.774193548 stalls=0
METRIC architecture=decrypt-overlap-1r64b case=perf-iv1-aad0-data31-decrypt mode=decrypt iv_bytes=1 aad_bytes=0 data_bytes=31 key_setup_cycles=8 warm_cycles=141 cold_cycles=149 bytes_per_cycle=0.219858156 cycles_per_byte=4.548387097 stalls=0
METRIC architecture=decrypt-overlap-1r64b case=perf-iv1-aad0-data32-encrypt mode=encrypt iv_bytes=1 aad_bytes=0 data_bytes=32 key_setup_cycles=8 warm_cycles=150 cold_cycles=158 bytes_per_cycle=0.213333333 cycles_per_byte=4.687500000 stalls=0
METRIC architecture=decrypt-overlap-1r64b case=perf-iv1-aad0-data32-decrypt mode=decrypt iv_bytes=1 aad_bytes=0 data_bytes=32 key_setup_cycles=8 warm_cycles=143 cold_cycles=151 bytes_per_cycle=0.223776224 cycles_per_byte=4.468750000 stalls=0
METRIC architecture=decrypt-overlap-1r64b case=perf-iv1-aad0-data64-encrypt mode=encrypt iv_bytes=1 aad_bytes=0 data_bytes=64 key_setup_cycles=8 warm_cycles=254 cold_cycles=262 bytes_per_cycle=0.251968504 cycles_per_byte=3.968750000 stalls=0
METRIC architecture=decrypt-overlap-1r64b case=perf-iv1-aad0-data64-decrypt mode=decrypt iv_bytes=1 aad_bytes=0 data_bytes=64 key_setup_cycles=8 warm_cycles=239 cold_cycles=247 bytes_per_cycle=0.267782427 cycles_per_byte=3.734375000 stalls=0
METRIC architecture=decrypt-overlap-1r64b case=perf-iv1-aad16-data0-encrypt mode=encrypt iv_bytes=1 aad_bytes=16 data_bytes=0 key_setup_cycles=8 warm_cycles=66 cold_cycles=74 bytes_per_cycle=null cycles_per_byte=null stalls=0
METRIC architecture=decrypt-overlap-1r64b case=perf-iv1-aad16-data0-decrypt mode=decrypt iv_bytes=1 aad_bytes=16 data_bytes=0 key_setup_cycles=8 warm_cycles=67 cold_cycles=75 bytes_per_cycle=null cycles_per_byte=null stalls=0
METRIC architecture=decrypt-overlap-1r64b case=perf-iv1-aad16-data1-encrypt mode=encrypt iv_bytes=1 aad_bytes=16 data_bytes=1 key_setup_cycles=8 warm_cycles=88 cold_cycles=96 bytes_per_cycle=0.011363636 cycles_per_byte=88.000000000 stalls=0
METRIC architecture=decrypt-overlap-1r64b case=perf-iv1-aad16-data1-decrypt mode=decrypt iv_bytes=1 aad_bytes=16 data_bytes=1 key_setup_cycles=8 warm_cycles=85 cold_cycles=93 bytes_per_cycle=0.011764706 cycles_per_byte=85.000000000 stalls=0
METRIC architecture=decrypt-overlap-1r64b case=perf-iv1-aad16-data15-encrypt mode=encrypt iv_bytes=1 aad_bytes=16 data_bytes=15 key_setup_cycles=8 warm_cycles=116 cold_cycles=124 bytes_per_cycle=0.129310345 cycles_per_byte=7.733333333 stalls=0
METRIC architecture=decrypt-overlap-1r64b case=perf-iv1-aad16-data15-decrypt mode=decrypt iv_bytes=1 aad_bytes=16 data_bytes=15 key_setup_cycles=8 warm_cycles=113 cold_cycles=121 bytes_per_cycle=0.132743363 cycles_per_byte=7.533333333 stalls=0
METRIC architecture=decrypt-overlap-1r64b case=perf-iv1-aad16-data16-encrypt mode=encrypt iv_bytes=1 aad_bytes=16 data_bytes=16 key_setup_cycles=8 warm_cycles=118 cold_cycles=126 bytes_per_cycle=0.135593220 cycles_per_byte=7.375000000 stalls=0
METRIC architecture=decrypt-overlap-1r64b case=perf-iv1-aad16-data16-decrypt mode=decrypt iv_bytes=1 aad_bytes=16 data_bytes=16 key_setup_cycles=8 warm_cycles=115 cold_cycles=123 bytes_per_cycle=0.139130435 cycles_per_byte=7.187500000 stalls=0
METRIC architecture=decrypt-overlap-1r64b case=perf-iv1-aad16-data17-encrypt mode=encrypt iv_bytes=1 aad_bytes=16 data_bytes=17 key_setup_cycles=8 warm_cycles=140 cold_cycles=148 bytes_per_cycle=0.121428571 cycles_per_byte=8.235294118 stalls=0
METRIC architecture=decrypt-overlap-1r64b case=perf-iv1-aad16-data17-decrypt mode=decrypt iv_bytes=1 aad_bytes=16 data_bytes=17 key_setup_cycles=8 warm_cycles=133 cold_cycles=141 bytes_per_cycle=0.127819549 cycles_per_byte=7.823529412 stalls=0
METRIC architecture=decrypt-overlap-1r64b case=perf-iv1-aad16-data31-encrypt mode=encrypt iv_bytes=1 aad_bytes=16 data_bytes=31 key_setup_cycles=8 warm_cycles=168 cold_cycles=176 bytes_per_cycle=0.184523810 cycles_per_byte=5.419354839 stalls=0
METRIC architecture=decrypt-overlap-1r64b case=perf-iv1-aad16-data31-decrypt mode=decrypt iv_bytes=1 aad_bytes=16 data_bytes=31 key_setup_cycles=8 warm_cycles=161 cold_cycles=169 bytes_per_cycle=0.192546584 cycles_per_byte=5.193548387 stalls=0
METRIC architecture=decrypt-overlap-1r64b case=perf-iv1-aad16-data32-encrypt mode=encrypt iv_bytes=1 aad_bytes=16 data_bytes=32 key_setup_cycles=8 warm_cycles=170 cold_cycles=178 bytes_per_cycle=0.188235294 cycles_per_byte=5.312500000 stalls=0
METRIC architecture=decrypt-overlap-1r64b case=perf-iv1-aad16-data32-decrypt mode=decrypt iv_bytes=1 aad_bytes=16 data_bytes=32 key_setup_cycles=8 warm_cycles=163 cold_cycles=171 bytes_per_cycle=0.196319018 cycles_per_byte=5.093750000 stalls=0
METRIC architecture=decrypt-overlap-1r64b case=perf-iv1-aad16-data64-encrypt mode=encrypt iv_bytes=1 aad_bytes=16 data_bytes=64 key_setup_cycles=8 warm_cycles=274 cold_cycles=282 bytes_per_cycle=0.233576642 cycles_per_byte=4.281250000 stalls=0
METRIC architecture=decrypt-overlap-1r64b case=perf-iv1-aad16-data64-decrypt mode=decrypt iv_bytes=1 aad_bytes=16 data_bytes=64 key_setup_cycles=8 warm_cycles=259 cold_cycles=267 bytes_per_cycle=0.247104247 cycles_per_byte=4.046875000 stalls=0
METRIC architecture=decrypt-overlap-1r64b case=perf-iv1-aad64-data0-encrypt mode=encrypt iv_bytes=1 aad_bytes=64 data_bytes=0 key_setup_cycles=8 warm_cycles=126 cold_cycles=134 bytes_per_cycle=null cycles_per_byte=null stalls=0
METRIC architecture=decrypt-overlap-1r64b case=perf-iv1-aad64-data0-decrypt mode=decrypt iv_bytes=1 aad_bytes=64 data_bytes=0 key_setup_cycles=8 warm_cycles=127 cold_cycles=135 bytes_per_cycle=null cycles_per_byte=null stalls=0
METRIC architecture=decrypt-overlap-1r64b case=perf-iv1-aad64-data1-encrypt mode=encrypt iv_bytes=1 aad_bytes=64 data_bytes=1 key_setup_cycles=8 warm_cycles=148 cold_cycles=156 bytes_per_cycle=0.006756757 cycles_per_byte=148.000000000 stalls=0
METRIC architecture=decrypt-overlap-1r64b case=perf-iv1-aad64-data1-decrypt mode=decrypt iv_bytes=1 aad_bytes=64 data_bytes=1 key_setup_cycles=8 warm_cycles=145 cold_cycles=153 bytes_per_cycle=0.006896552 cycles_per_byte=145.000000000 stalls=0
METRIC architecture=decrypt-overlap-1r64b case=perf-iv1-aad64-data15-encrypt mode=encrypt iv_bytes=1 aad_bytes=64 data_bytes=15 key_setup_cycles=8 warm_cycles=176 cold_cycles=184 bytes_per_cycle=0.085227273 cycles_per_byte=11.733333333 stalls=0
METRIC architecture=decrypt-overlap-1r64b case=perf-iv1-aad64-data15-decrypt mode=decrypt iv_bytes=1 aad_bytes=64 data_bytes=15 key_setup_cycles=8 warm_cycles=173 cold_cycles=181 bytes_per_cycle=0.086705202 cycles_per_byte=11.533333333 stalls=0
METRIC architecture=decrypt-overlap-1r64b case=perf-iv1-aad64-data16-encrypt mode=encrypt iv_bytes=1 aad_bytes=64 data_bytes=16 key_setup_cycles=8 warm_cycles=178 cold_cycles=186 bytes_per_cycle=0.089887640 cycles_per_byte=11.125000000 stalls=0
METRIC architecture=decrypt-overlap-1r64b case=perf-iv1-aad64-data16-decrypt mode=decrypt iv_bytes=1 aad_bytes=64 data_bytes=16 key_setup_cycles=8 warm_cycles=175 cold_cycles=183 bytes_per_cycle=0.091428571 cycles_per_byte=10.937500000 stalls=0
METRIC architecture=decrypt-overlap-1r64b case=perf-iv1-aad64-data17-encrypt mode=encrypt iv_bytes=1 aad_bytes=64 data_bytes=17 key_setup_cycles=8 warm_cycles=200 cold_cycles=208 bytes_per_cycle=0.085000000 cycles_per_byte=11.764705882 stalls=0
METRIC architecture=decrypt-overlap-1r64b case=perf-iv1-aad64-data17-decrypt mode=decrypt iv_bytes=1 aad_bytes=64 data_bytes=17 key_setup_cycles=8 warm_cycles=193 cold_cycles=201 bytes_per_cycle=0.088082902 cycles_per_byte=11.352941176 stalls=0
METRIC architecture=decrypt-overlap-1r64b case=perf-iv1-aad64-data31-encrypt mode=encrypt iv_bytes=1 aad_bytes=64 data_bytes=31 key_setup_cycles=8 warm_cycles=228 cold_cycles=236 bytes_per_cycle=0.135964912 cycles_per_byte=7.354838710 stalls=0
METRIC architecture=decrypt-overlap-1r64b case=perf-iv1-aad64-data31-decrypt mode=decrypt iv_bytes=1 aad_bytes=64 data_bytes=31 key_setup_cycles=8 warm_cycles=221 cold_cycles=229 bytes_per_cycle=0.140271493 cycles_per_byte=7.129032258 stalls=0
METRIC architecture=decrypt-overlap-1r64b case=perf-iv1-aad64-data32-encrypt mode=encrypt iv_bytes=1 aad_bytes=64 data_bytes=32 key_setup_cycles=8 warm_cycles=230 cold_cycles=238 bytes_per_cycle=0.139130435 cycles_per_byte=7.187500000 stalls=0
METRIC architecture=decrypt-overlap-1r64b case=perf-iv1-aad64-data32-decrypt mode=decrypt iv_bytes=1 aad_bytes=64 data_bytes=32 key_setup_cycles=8 warm_cycles=223 cold_cycles=231 bytes_per_cycle=0.143497758 cycles_per_byte=6.968750000 stalls=0
METRIC architecture=decrypt-overlap-1r64b case=perf-iv1-aad64-data64-encrypt mode=encrypt iv_bytes=1 aad_bytes=64 data_bytes=64 key_setup_cycles=8 warm_cycles=334 cold_cycles=342 bytes_per_cycle=0.191616766 cycles_per_byte=5.218750000 stalls=0
METRIC architecture=decrypt-overlap-1r64b case=perf-iv1-aad64-data64-decrypt mode=decrypt iv_bytes=1 aad_bytes=64 data_bytes=64 key_setup_cycles=8 warm_cycles=319 cold_cycles=327 bytes_per_cycle=0.200626959 cycles_per_byte=4.984375000 stalls=0
GCM RTL: PASS architecture=decrypt-overlap-1r64b corpus_operations=1038 stalled_replays=32 fixed_cycle_comparisons=38 min_cycles=46 max_cycles=337 mean_cycles=167.831 total_sim_cycles=204661
