METRIC architecture=decrypt-overlap-karatsuba-1r2c case=perf-iv12-aad0-data0-encrypt mode=encrypt iv_bytes=12 aad_bytes=0 data_bytes=0 key_setup_cycles=8 warm_cycles=48 cold_cycles=56 bytes_per_cycle=null cycles_per_byte=null stalls=0
METRIC architecture=decrypt-overlap-karatsuba-1r2c case=perf-iv12-aad0-data0-decrypt mode=decrypt iv_bytes=12 aad_bytes=0 data_bytes=0 key_setup_cycles=8 warm_cycles=49 cold_cycles=57 bytes_per_cycle=null cycles_per_byte=null stalls=0
METRIC architecture=decrypt-overlap-karatsuba-1r2c case=perf-iv12-aad0-data1-encrypt mode=encrypt iv_bytes=12 aad_bytes=0 data_bytes=1 key_setup_cycles=8 warm_cycles=69 cold_cycles=77 bytes_per_cycle=0.014492754 cycles_per_byte=69.000000000 stalls=0
METRIC architecture=decrypt-overlap-karatsuba-1r2c case=perf-iv12-aad0-data1-decrypt mode=decrypt iv_bytes=12 aad_bytes=0 data_bytes=1 key_setup_cycles=8 warm_cycles=67 cold_cycles=75 bytes_per_cycle=0.014925373 cycles_per_byte=67.000000000 stalls=0
METRIC architecture=decrypt-overlap-karatsuba-1r2c case=perf-iv12-aad0-data15-encrypt mode=encrypt iv_bytes=12 aad_bytes=0 data_bytes=15 key_setup_cycles=8 warm_cycles=97 cold_cycles=105 bytes_per_cycle=0.154639175 cycles_per_byte=6.466666667 stalls=0
METRIC architecture=decrypt-overlap-karatsuba-1r2c case=perf-iv12-aad0-data15-decrypt mode=decrypt iv_bytes=12 aad_bytes=0 data_bytes=15 key_setup_cycles=8 warm_cycles=95 cold_cycles=103 bytes_per_cycle=0.157894737 cycles_per_byte=6.333333333 stalls=0
METRIC architecture=decrypt-overlap-karatsuba-1r2c case=perf-iv12-aad0-data16-encrypt mode=encrypt iv_bytes=12 aad_bytes=0 data_bytes=16 key_setup_cycles=8 warm_cycles=99 cold_cycles=107 bytes_per_cycle=0.161616162 cycles_per_byte=6.187500000 stalls=0
METRIC architecture=decrypt-overlap-karatsuba-1r2c case=perf-iv12-aad0-data16-decrypt mode=decrypt iv_bytes=12 aad_bytes=0 data_bytes=16 key_setup_cycles=8 warm_cycles=97 cold_cycles=105 bytes_per_cycle=0.164948454 cycles_per_byte=6.062500000 stalls=0
METRIC architecture=decrypt-overlap-karatsuba-1r2c case=perf-iv12-aad0-data17-encrypt mode=encrypt iv_bytes=12 aad_bytes=0 data_bytes=17 key_setup_cycles=8 warm_cycles=120 cold_cycles=128 bytes_per_cycle=0.141666667 cycles_per_byte=7.058823529 stalls=0
METRIC architecture=decrypt-overlap-karatsuba-1r2c case=perf-iv12-aad0-data17-decrypt mode=decrypt iv_bytes=12 aad_bytes=0 data_bytes=17 key_setup_cycles=8 warm_cycles=115 cold_cycles=123 bytes_per_cycle=0.147826087 cycles_per_byte=6.764705882 stalls=0
METRIC architecture=decrypt-overlap-karatsuba-1r2c case=perf-iv12-aad0-data31-encrypt mode=encrypt iv_bytes=12 aad_bytes=0 data_bytes=31 key_setup_cycles=8 warm_cycles=148 cold_cycles=156 bytes_per_cycle=0.209459459 cycles_per_byte=4.774193548 stalls=0
METRIC architecture=decrypt-overlap-karatsuba-1r2c case=perf-iv12-aad0-data31-decrypt mode=decrypt iv_bytes=12 aad_bytes=0 data_bytes=31 key_setup_cycles=8 warm_cycles=143 cold_cycles=151 bytes_per_cycle=0.216783217 cycles_per_byte=4.612903226 stalls=0
METRIC architecture=decrypt-overlap-karatsuba-1r2c case=perf-iv12-aad0-data32-encrypt mode=encrypt iv_bytes=12 aad_bytes=0 data_bytes=32 key_setup_cycles=8 warm_cycles=150 cold_cycles=158 bytes_per_cycle=0.213333333 cycles_per_byte=4.687500000 stalls=0
METRIC architecture=decrypt-overlap-karatsuba-1r2c case=perf-iv12-aad0-data32-decrypt mode=decrypt iv_bytes=12 aad_bytes=0 data_bytes=32 key_setup_cycles=8 warm_cycles=145 cold_cycles=153 bytes_per_cycle=0.220689655 cycles_per_byte=4.531250000 stalls=0
METRIC architecture=decrypt-overlap-karatsuba-1r2c case=perf-iv12-aad0-data64-encrypt mode=encrypt iv_bytes=12 aad_bytes=0 data_bytes=64 key_setup_cycles=8 warm_cycles=252 cold_cycles=260 bytes_per_cycle=0.253968254 cycles_per_byte=3.937500000 stalls=0
METRIC architecture=decrypt-overlap-karatsuba-1r2c case=perf-iv12-aad0-data64-decrypt mode=decrypt iv_bytes=12 aad_bytes=0 data_bytes=64 key_setup_cycles=8 warm_cycles=241 cold_cycles=249 bytes_per_cycle=0.265560166 cycles_per_byte=3.765625000 stalls=0
METRIC architecture=decrypt-overlap-karatsuba-1r2c case=perf-iv12-aad16-data0-encrypt mode=encrypt iv_bytes=12 aad_bytes=16 data_bytes=0 key_setup_cycles=8 warm_cycles=67 cold_cycles=75 bytes_per_cycle=null cycles_per_byte=null stalls=0
METRIC architecture=decrypt-overlap-karatsuba-1r2c case=perf-iv12-aad16-data0-decrypt mode=decrypt iv_bytes=12 aad_bytes=16 data_bytes=0 key_setup_cycles=8 warm_cycles=68 cold_cycles=76 bytes_per_cycle=null cycles_per_byte=null stalls=0
METRIC architecture=decrypt-overlap-karatsuba-1r2c case=perf-iv12-aad16-data1-encrypt mode=encrypt iv_bytes=12 aad_bytes=16 data_bytes=1 key_setup_cycles=8 warm_cycles=88 cold_cycles=96 bytes_per_cycle=0.011363636 cycles_per_byte=88.000000000 stalls=0
METRIC architecture=decrypt-overlap-karatsuba-1r2c case=perf-iv12-aad16-data1-decrypt mode=decrypt iv_bytes=12 aad_bytes=16 data_bytes=1 key_setup_cycles=8 warm_cycles=86 cold_cycles=94 bytes_per_cycle=0.011627907 cycles_per_byte=86.000000000 stalls=0
METRIC architecture=decrypt-overlap-karatsuba-1r2c case=perf-iv12-aad16-data15-encrypt mode=encrypt iv_bytes=12 aad_bytes=16 data_bytes=15 key_setup_cycles=8 warm_cycles=116 cold_cycles=124 bytes_per_cycle=0.129310345 cycles_per_byte=7.733333333 stalls=0
METRIC architecture=decrypt-overlap-karatsuba-1r2c case=perf-iv12-aad16-data15-decrypt mode=decrypt iv_bytes=12 aad_bytes=16 data_bytes=15 key_setup_cycles=8 warm_cycles=114 cold_cycles=122 bytes_per_cycle=0.131578947 cycles_per_byte=7.600000000 stalls=0
METRIC architecture=decrypt-overlap-karatsuba-1r2c case=perf-iv12-aad16-data16-encrypt mode=encrypt iv_bytes=12 aad_bytes=16 data_bytes=16 key_setup_cycles=8 warm_cycles=118 cold_cycles=126 bytes_per_cycle=0.135593220 cycles_per_byte=7.375000000 stalls=0
METRIC architecture=decrypt-overlap-karatsuba-1r2c case=perf-iv12-aad16-data16-decrypt mode=decrypt iv_bytes=12 aad_bytes=16 data_bytes=16 key_setup_cycles=8 warm_cycles=116 cold_cycles=124 bytes_per_cycle=0.137931034 cycles_per_byte=7.250000000 stalls=0
METRIC architecture=decrypt-overlap-karatsuba-1r2c case=perf-iv12-aad16-data17-encrypt mode=encrypt iv_bytes=12 aad_bytes=16 data_bytes=17 key_setup_cycles=8 warm_cycles=139 cold_cycles=147 bytes_per_cycle=0.122302158 cycles_per_byte=8.176470588 stalls=0
METRIC architecture=decrypt-overlap-karatsuba-1r2c case=perf-iv12-aad16-data17-decrypt mode=decrypt iv_bytes=12 aad_bytes=16 data_bytes=17 key_setup_cycles=8 warm_cycles=134 cold_cycles=142 bytes_per_cycle=0.126865672 cycles_per_byte=7.882352941 stalls=0
METRIC architecture=decrypt-overlap-karatsuba-1r2c case=perf-iv12-aad16-data31-encrypt mode=encrypt iv_bytes=12 aad_bytes=16 data_bytes=31 key_setup_cycles=8 warm_cycles=167 cold_cycles=175 bytes_per_cycle=0.185628743 cycles_per_byte=5.387096774 stalls=0
METRIC architecture=decrypt-overlap-karatsuba-1r2c case=perf-iv12-aad16-data31-decrypt mode=decrypt iv_bytes=12 aad_bytes=16 data_bytes=31 key_setup_cycles=8 warm_cycles=162 cold_cycles=170 bytes_per_cycle=0.191358025 cycles_per_byte=5.225806452 stalls=0
METRIC architecture=decrypt-overlap-karatsuba-1r2c case=perf-iv12-aad16-data32-encrypt mode=encrypt iv_bytes=12 aad_bytes=16 data_bytes=32 key_setup_cycles=8 warm_cycles=169 cold_cycles=177 bytes_per_cycle=0.189349112 cycles_per_byte=5.281250000 stalls=0
METRIC architecture=decrypt-overlap-karatsuba-1r2c case=perf-iv12-aad16-data32-decrypt mode=decrypt iv_bytes=12 aad_bytes=16 data_bytes=32 key_setup_cycles=8 warm_cycles=164 cold_cycles=172 bytes_per_cycle=0.195121951 cycles_per_byte=5.125000000 stalls=0
METRIC architecture=decrypt-overlap-karatsuba-1r2c case=perf-iv12-aad16-data64-encrypt mode=encrypt iv_bytes=12 aad_bytes=16 data_bytes=64 key_setup_cycles=8 warm_cycles=271 cold_cycles=279 bytes_per_cycle=0.236162362 cycles_per_byte=4.234375000 stalls=0
METRIC architecture=decrypt-overlap-karatsuba-1r2c case=perf-iv12-aad16-data64-decrypt mode=decrypt iv_bytes=12 aad_bytes=16 data_bytes=64 key_setup_cycles=8 warm_cycles=260 cold_cycles=268 bytes_per_cycle=0.246153846 cycles_per_byte=4.062500000 stalls=0
METRIC architecture=decrypt-overlap-karatsuba-1r2c case=perf-iv12-aad64-data0-encrypt mode=encrypt iv_bytes=12 aad_bytes=64 data_bytes=0 key_setup_cycles=8 warm_cycles=124 cold_cycles=132 bytes_per_cycle=null cycles_per_byte=null stalls=0
METRIC architecture=decrypt-overlap-karatsuba-1r2c case=perf-iv12-aad64-data0-decrypt mode=decrypt iv_bytes=12 aad_bytes=64 data_bytes=0 key_setup_cycles=8 warm_cycles=125 cold_cycles=133 bytes_per_cycle=null cycles_per_byte=null stalls=0
METRIC architecture=decrypt-overlap-karatsuba-1r2c case=perf-iv12-aad64-data1-encrypt mode=encrypt iv_bytes=12 aad_bytes=64 data_bytes=1 key_setup_cycles=8 warm_cycles=145 cold_cycles=153 bytes_per_cycle=0.006896552 cycles_per_byte=145.000000000 stalls=0
METRIC architecture=decrypt-overlap-karatsuba-1r2c case=perf-iv12-aad64-data1-decrypt mode=decrypt iv_bytes=12 aad_bytes=64 data_bytes=1 key_setup_cycles=8 warm_cycles=143 cold_cycles=151 bytes_per_cycle=0.006993007 cycles_per_byte=143.000000000 stalls=0
METRIC architecture=decrypt-overlap-karatsuba-1r2c case=perf-iv12-aad64-data15-encrypt mode=encrypt iv_bytes=12 aad_bytes=64 data_bytes=15 key_setup_cycles=8 warm_cycles=173 cold_cycles=181 bytes_per_cycle=0.086705202 cycles_per_byte=11.533333333 stalls=0
METRIC architecture=decrypt-overlap-karatsuba-1r2c case=perf-iv12-aad64-data15-decrypt mode=decrypt iv_bytes=12 aad_bytes=64 data_bytes=15 key_setup_cycles=8 warm_cycles=171 cold_cycles=179 bytes_per_cycle=0.087719298 cycles_per_byte=11.400000000 stalls=0
METRIC architecture=decrypt-overlap-karatsuba-1r2c case=perf-iv12-aad64-data16-encrypt mode=encrypt iv_bytes=12 aad_bytes=64 data_bytes=16 key_setup_cycles=8 warm_cycles=175 cold_cycles=183 bytes_per_cycle=0.091428571 cycles_per_byte=10.937500000 stalls=0
METRIC architecture=decrypt-overlap-karatsuba-1r2c case=perf-iv12-aad64-data16-decrypt mode=decrypt iv_bytes=12 aad_bytes=64 data_bytes=16 key_setup_cycles=8 warm_cycles=173 cold_cycles=181 bytes_per_cycle=0.092485549 cycles_per_byte=10.812500000 stalls=0
METRIC architecture=decrypt-overlap-karatsuba-1r2c case=perf-iv12-aad64-data17-encrypt mode=encrypt iv_bytes=12 aad_bytes=64 data_bytes=17 key_setup_cycles=8 warm_cycles=196 cold_cycles=204 bytes_per_cycle=0.086734694 cycles_per_byte=11.529411765 stalls=0
METRIC architecture=decrypt-overlap-karatsuba-1r2c case=perf-iv12-aad64-data17-decrypt mode=decrypt iv_bytes=12 aad_bytes=64 data_bytes=17 key_setup_cycles=8 warm_cycles=191 cold_cycles=199 bytes_per_cycle=0.089005236 cycles_per_byte=11.235294118 stalls=0
METRIC architecture=decrypt-overlap-karatsuba-1r2c case=perf-iv12-aad64-data31-encrypt mode=encrypt iv_bytes=12 aad_bytes=64 data_bytes=31 key_setup_cycles=8 warm_cycles=224 cold_cycles=232 bytes_per_cycle=0.138392857 cycles_per_byte=7.225806452 stalls=0
METRIC architecture=decrypt-overlap-karatsuba-1r2c case=perf-iv12-aad64-data31-decrypt mode=decrypt iv_bytes=12 aad_bytes=64 data_bytes=31 key_setup_cycles=8 warm_cycles=219 cold_cycles=227 bytes_per_cycle=0.141552511 cycles_per_byte=7.064516129 stalls=0
METRIC architecture=decrypt-overlap-karatsuba-1r2c case=perf-iv12-aad64-data32-encrypt mode=encrypt iv_bytes=12 aad_bytes=64 data_bytes=32 key_setup_cycles=8 warm_cycles=226 cold_cycles=234 bytes_per_cycle=0.141592920 cycles_per_byte=7.062500000 stalls=0
METRIC architecture=decrypt-overlap-karatsuba-1r2c case=perf-iv12-aad64-data32-decrypt mode=decrypt iv_bytes=12 aad_bytes=64 data_bytes=32 key_setup_cycles=8 warm_cycles=221 cold_cycles=229 bytes_per_cycle=0.144796380 cycles_per_byte=6.906250000 stalls=0
METRIC architecture=decrypt-overlap-karatsuba-1r2c case=perf-iv12-aad64-data64-encrypt mode=encrypt iv_bytes=12 aad_bytes=64 data_bytes=64 key_setup_cycles=8 warm_cycles=328 cold_cycles=336 bytes_per_cycle=0.195121951 cycles_per_byte=5.125000000 stalls=0
METRIC architecture=decrypt-overlap-karatsuba-1r2c case=perf-iv12-aad64-data64-decrypt mode=decrypt iv_bytes=12 aad_bytes=64 data_bytes=64 key_setup_cycles=8 warm_cycles=317 cold_cycles=325 bytes_per_cycle=0.201892744 cycles_per_byte=4.953125000 stalls=0
METRIC architecture=decrypt-overlap-karatsuba-1r2c case=perf-iv1-aad0-data0-encrypt mode=encrypt iv_bytes=1 aad_bytes=0 data_bytes=0 key_setup_cycles=8 warm_cycles=43 cold_cycles=51 bytes_per_cycle=null cycles_per_byte=null stalls=0
METRIC architecture=decrypt-overlap-karatsuba-1r2c case=perf-iv1-aad0-data0-decrypt mode=decrypt iv_bytes=1 aad_bytes=0 data_bytes=0 key_setup_cycles=8 warm_cycles=44 cold_cycles=52 bytes_per_cycle=null cycles_per_byte=null stalls=0
METRIC architecture=decrypt-overlap-karatsuba-1r2c case=perf-iv1-aad0-data1-encrypt mode=encrypt iv_bytes=1 aad_bytes=0 data_bytes=1 key_setup_cycles=8 warm_cycles=64 cold_cycles=72 bytes_per_cycle=0.015625000 cycles_per_byte=64.000000000 stalls=0
METRIC architecture=decrypt-overlap-karatsuba-1r2c case=perf-iv1-aad0-data1-decrypt mode=decrypt iv_bytes=1 aad_bytes=0 data_bytes=1 key_setup_cycles=8 warm_cycles=62 cold_cycles=70 bytes_per_cycle=0.016129032 cycles_per_byte=62.000000000 stalls=0
METRIC architecture=decrypt-overlap-karatsuba-1r2c case=perf-iv1-aad0-data15-encrypt mode=encrypt iv_bytes=1 aad_bytes=0 data_bytes=15 key_setup_cycles=8 warm_cycles=92 cold_cycles=100 bytes_per_cycle=0.163043478 cycles_per_byte=6.133333333 stalls=0
METRIC architecture=decrypt-overlap-karatsuba-1r2c case=perf-iv1-aad0-data15-decrypt mode=decrypt iv_bytes=1 aad_bytes=0 data_bytes=15 key_setup_cycles=8 warm_cycles=90 cold_cycles=98 bytes_per_cycle=0.166666667 cycles_per_byte=6.000000000 stalls=0
METRIC architecture=decrypt-overlap-karatsuba-1r2c case=perf-iv1-aad0-data16-encrypt mode=encrypt iv_bytes=1 aad_bytes=0 data_bytes=16 key_setup_cycles=8 warm_cycles=94 cold_cycles=102 bytes_per_cycle=0.170212766 cycles_per_byte=5.875000000 stalls=0
METRIC architecture=decrypt-overlap-karatsuba-1r2c case=perf-iv1-aad0-data16-decrypt mode=decrypt iv_bytes=1 aad_bytes=0 data_bytes=16 key_setup_cycles=8 warm_cycles=92 cold_cycles=100 bytes_per_cycle=0.173913043 cycles_per_byte=5.750000000 stalls=0
METRIC architecture=decrypt-overlap-karatsuba-1r2c case=perf-iv1-aad0-data17-encrypt mode=encrypt iv_bytes=1 aad_bytes=0 data_bytes=17 key_setup_cycles=8 warm_cycles=115 cold_cycles=123 bytes_per_cycle=0.147826087 cycles_per_byte=6.764705882 stalls=0
METRIC architecture=decrypt-overlap-karatsuba-1r2c case=perf-iv1-aad0-data17-decrypt mode=decrypt iv_bytes=1 aad_bytes=0 data_bytes=17 key_setup_cycles=8 warm_cycles=110 cold_cycles=118 bytes_per_cycle=0.154545455 cycles_per_byte=6.470588235 stalls=0
METRIC architecture=decrypt-overlap-karatsuba-1r2c case=perf-iv1-aad0-data31-encrypt mode=encrypt iv_bytes=1 aad_bytes=0 data_bytes=31 key_setup_cycles=8 warm_cycles=143 cold_cycles=151 bytes_per_cycle=0.216783217 cycles_per_byte=4.612903226 stalls=0
METRIC architecture=decrypt-overlap-karatsuba-1r2c case=perf-iv1-aad0-data31-decrypt mode=decrypt iv_bytes=1 aad_bytes=0 data_bytes=31 key_setup_cycles=8 warm_cycles=138 cold_cycles=146 bytes_per_cycle=0.224637681 cycles_per_byte=4.451612903 stalls=0
METRIC architecture=decrypt-overlap-karatsuba-1r2c case=perf-iv1-aad0-data32-encrypt mode=encrypt iv_bytes=1 aad_bytes=0 data_bytes=32 key_setup_cycles=8 warm_cycles=145 cold_cycles=153 bytes_per_cycle=0.220689655 cycles_per_byte=4.531250000 stalls=0
METRIC architecture=decrypt-overlap-karatsuba-1r2c case=perf-iv1-aad0-data32-decrypt mode=decrypt iv_bytes=1 aad_bytes=0 data_bytes=32 key_setup_cycles=8 warm_cycles=140 cold_cycles=148 bytes_per_cycle=0.228571429 cycles_per_byte=4.375000000 stalls=0
METRIC architecture=decrypt-overlap-karatsuba-1r2c case=perf-iv1-aad0-data64-encrypt mode=encrypt iv_bytes=1 aad_bytes=0 data_bytes=64 key_setup_cycles=8 warm_cycles=247 cold_cycles=255 bytes_per_cycle=0.259109312 cycles_per_byte=3.859375000 stalls=0
METRIC architecture=decrypt-overlap-karatsuba-1r2c case=perf-iv1-aad0-data64-decrypt mode=decrypt iv_bytes=1 aad_bytes=0 data_bytes=64 key_setup_cycles=8 warm_cycles=236 cold_cycles=244 bytes_per_cycle=0.271186441 cycles_per_byte=3.687500000 stalls=0
METRIC architecture=decrypt-overlap-karatsuba-1r2c case=perf-iv1-aad16-data0-encrypt mode=encrypt iv_bytes=1 aad_bytes=16 data_bytes=0 key_setup_cycles=8 warm_cycles=62 cold_cycles=70 bytes_per_cycle=null cycles_per_byte=null stalls=0
METRIC architecture=decrypt-overlap-karatsuba-1r2c case=perf-iv1-aad16-data0-decrypt mode=decrypt iv_bytes=1 aad_bytes=16 data_bytes=0 key_setup_cycles=8 warm_cycles=63 cold_cycles=71 bytes_per_cycle=null cycles_per_byte=null stalls=0
METRIC architecture=decrypt-overlap-karatsuba-1r2c case=perf-iv1-aad16-data1-encrypt mode=encrypt iv_bytes=1 aad_bytes=16 data_bytes=1 key_setup_cycles=8 warm_cycles=83 cold_cycles=91 bytes_per_cycle=0.012048193 cycles_per_byte=83.000000000 stalls=0
METRIC architecture=decrypt-overlap-karatsuba-1r2c case=perf-iv1-aad16-data1-decrypt mode=decrypt iv_bytes=1 aad_bytes=16 data_bytes=1 key_setup_cycles=8 warm_cycles=81 cold_cycles=89 bytes_per_cycle=0.012345679 cycles_per_byte=81.000000000 stalls=0
METRIC architecture=decrypt-overlap-karatsuba-1r2c case=perf-iv1-aad16-data15-encrypt mode=encrypt iv_bytes=1 aad_bytes=16 data_bytes=15 key_setup_cycles=8 warm_cycles=111 cold_cycles=119 bytes_per_cycle=0.135135135 cycles_per_byte=7.400000000 stalls=0
METRIC architecture=decrypt-overlap-karatsuba-1r2c case=perf-iv1-aad16-data15-decrypt mode=decrypt iv_bytes=1 aad_bytes=16 data_bytes=15 key_setup_cycles=8 warm_cycles=109 cold_cycles=117 bytes_per_cycle=0.137614679 cycles_per_byte=7.266666667 stalls=0
METRIC architecture=decrypt-overlap-karatsuba-1r2c case=perf-iv1-aad16-data16-encrypt mode=encrypt iv_bytes=1 aad_bytes=16 data_bytes=16 key_setup_cycles=8 warm_cycles=113 cold_cycles=121 bytes_per_cycle=0.141592920 cycles_per_byte=7.062500000 stalls=0
METRIC architecture=decrypt-overlap-karatsuba-1r2c case=perf-iv1-aad16-data16-decrypt mode=decrypt iv_bytes=1 aad_bytes=16 data_bytes=16 key_setup_cycles=8 warm_cycles=111 cold_cycles=119 bytes_per_cycle=0.144144144 cycles_per_byte=6.937500000 stalls=0
METRIC architecture=decrypt-overlap-karatsuba-1r2c case=perf-iv1-aad16-data17-encrypt mode=encrypt iv_bytes=1 aad_bytes=16 data_bytes=17 key_setup_cycles=8 warm_cycles=134 cold_cycles=142 bytes_per_cycle=0.126865672 cycles_per_byte=7.882352941 stalls=0
METRIC architecture=decrypt-overlap-karatsuba-1r2c case=perf-iv1-aad16-data17-decrypt mode=decrypt iv_bytes=1 aad_bytes=16 data_bytes=17 key_setup_cycles=8 warm_cycles=129 cold_cycles=137 bytes_per_cycle=0.131782946 cycles_per_byte=7.588235294 stalls=0
METRIC architecture=decrypt-overlap-karatsuba-1r2c case=perf-iv1-aad16-data31-encrypt mode=encrypt iv_bytes=1 aad_bytes=16 data_bytes=31 key_setup_cycles=8 warm_cycles=162 cold_cycles=170 bytes_per_cycle=0.191358025 cycles_per_byte=5.225806452 stalls=0
METRIC architecture=decrypt-overlap-karatsuba-1r2c case=perf-iv1-aad16-data31-decrypt mode=decrypt iv_bytes=1 aad_bytes=16 data_bytes=31 key_setup_cycles=8 warm_cycles=157 cold_cycles=165 bytes_per_cycle=0.197452229 cycles_per_byte=5.064516129 stalls=0
METRIC architecture=decrypt-overlap-karatsuba-1r2c case=perf-iv1-aad16-data32-encrypt mode=encrypt iv_bytes=1 aad_bytes=16 data_bytes=32 key_setup_cycles=8 warm_cycles=164 cold_cycles=172 bytes_per_cycle=0.195121951 cycles_per_byte=5.125000000 stalls=0
METRIC architecture=decrypt-overlap-karatsuba-1r2c case=perf-iv1-aad16-data32-decrypt mode=decrypt iv_bytes=1 aad_bytes=16 data_bytes=32 key_setup_cycles=8 warm_cycles=159 cold_cycles=167 bytes_per_cycle=0.201257862 cycles_per_byte=4.968750000 stalls=0
METRIC architecture=decrypt-overlap-karatsuba-1r2c case=perf-iv1-aad16-data64-encrypt mode=encrypt iv_bytes=1 aad_bytes=16 data_bytes=64 key_setup_cycles=8 warm_cycles=266 cold_cycles=274 bytes_per_cycle=0.240601504 cycles_per_byte=4.156250000 stalls=0
METRIC architecture=decrypt-overlap-karatsuba-1r2c case=perf-iv1-aad16-data64-decrypt mode=decrypt iv_bytes=1 aad_bytes=16 data_bytes=64 key_setup_cycles=8 warm_cycles=255 cold_cycles=263 bytes_per_cycle=0.250980392 cycles_per_byte=3.984375000 stalls=0
METRIC architecture=decrypt-overlap-karatsuba-1r2c case=perf-iv1-aad64-data0-encrypt mode=encrypt iv_bytes=1 aad_bytes=64 data_bytes=0 key_setup_cycles=8 warm_cycles=119 cold_cycles=127 bytes_per_cycle=null cycles_per_byte=null stalls=0
METRIC architecture=decrypt-overlap-karatsuba-1r2c case=perf-iv1-aad64-data0-decrypt mode=decrypt iv_bytes=1 aad_bytes=64 data_bytes=0 key_setup_cycles=8 warm_cycles=120 cold_cycles=128 bytes_per_cycle=null cycles_per_byte=null stalls=0
METRIC architecture=decrypt-overlap-karatsuba-1r2c case=perf-iv1-aad64-data1-encrypt mode=encrypt iv_bytes=1 aad_bytes=64 data_bytes=1 key_setup_cycles=8 warm_cycles=140 cold_cycles=148 bytes_per_cycle=0.007142857 cycles_per_byte=140.000000000 stalls=0
METRIC architecture=decrypt-overlap-karatsuba-1r2c case=perf-iv1-aad64-data1-decrypt mode=decrypt iv_bytes=1 aad_bytes=64 data_bytes=1 key_setup_cycles=8 warm_cycles=138 cold_cycles=146 bytes_per_cycle=0.007246377 cycles_per_byte=138.000000000 stalls=0
METRIC architecture=decrypt-overlap-karatsuba-1r2c case=perf-iv1-aad64-data15-encrypt mode=encrypt iv_bytes=1 aad_bytes=64 data_bytes=15 key_setup_cycles=8 warm_cycles=168 cold_cycles=176 bytes_per_cycle=0.089285714 cycles_per_byte=11.200000000 stalls=0
METRIC architecture=decrypt-overlap-karatsuba-1r2c case=perf-iv1-aad64-data15-decrypt mode=decrypt iv_bytes=1 aad_bytes=64 data_bytes=15 key_setup_cycles=8 warm_cycles=166 cold_cycles=174 bytes_per_cycle=0.090361446 cycles_per_byte=11.066666667 stalls=0
METRIC architecture=decrypt-overlap-karatsuba-1r2c case=perf-iv1-aad64-data16-encrypt mode=encrypt iv_bytes=1 aad_bytes=64 data_bytes=16 key_setup_cycles=8 warm_cycles=170 cold_cycles=178 bytes_per_cycle=0.094117647 cycles_per_byte=10.625000000 stalls=0
METRIC architecture=decrypt-overlap-karatsuba-1r2c case=perf-iv1-aad64-data16-decrypt mode=decrypt iv_bytes=1 aad_bytes=64 data_bytes=16 key_setup_cycles=8 warm_cycles=168 cold_cycles=176 bytes_per_cycle=0.095238095 cycles_per_byte=10.500000000 stalls=0
METRIC architecture=decrypt-overlap-karatsuba-1r2c case=perf-iv1-aad64-data17-encrypt mode=encrypt iv_bytes=1 aad_bytes=64 data_bytes=17 key_setup_cycles=8 warm_cycles=191 cold_cycles=199 bytes_per_cycle=0.089005236 cycles_per_byte=11.235294118 stalls=0
METRIC architecture=decrypt-overlap-karatsuba-1r2c case=perf-iv1-aad64-data17-decrypt mode=decrypt iv_bytes=1 aad_bytes=64 data_bytes=17 key_setup_cycles=8 warm_cycles=186 cold_cycles=194 bytes_per_cycle=0.091397849 cycles_per_byte=10.941176471 stalls=0
METRIC architecture=decrypt-overlap-karatsuba-1r2c case=perf-iv1-aad64-data31-encrypt mode=encrypt iv_bytes=1 aad_bytes=64 data_bytes=31 key_setup_cycles=8 warm_cycles=219 cold_cycles=227 bytes_per_cycle=0.141552511 cycles_per_byte=7.064516129 stalls=0
METRIC architecture=decrypt-overlap-karatsuba-1r2c case=perf-iv1-aad64-data31-decrypt mode=decrypt iv_bytes=1 aad_bytes=64 data_bytes=31 key_setup_cycles=8 warm_cycles=214 cold_cycles=222 bytes_per_cycle=0.144859813 cycles_per_byte=6.903225806 stalls=0
METRIC architecture=decrypt-overlap-karatsuba-1r2c case=perf-iv1-aad64-data32-encrypt mode=encrypt iv_bytes=1 aad_bytes=64 data_bytes=32 key_setup_cycles=8 warm_cycles=221 cold_cycles=229 bytes_per_cycle=0.144796380 cycles_per_byte=6.906250000 stalls=0
METRIC architecture=decrypt-overlap-karatsuba-1r2c case=perf-iv1-aad64-data32-decrypt mode=decrypt iv_bytes=1 aad_bytes=64 data_bytes=32 key_setup_cycles=8 warm_cycles=216 cold_cycles=224 bytes_per_cycle=0.148148148 cycles_per_byte=6.750000000 stalls=0
METRIC architecture=decrypt-overlap-karatsuba-1r2c case=perf-iv1-aad64-data64-encrypt mode=encrypt iv_bytes=1 aad_bytes=64 data_bytes=64 key_setup_cycles=8 warm_cycles=323 cold_cycles=331 bytes_per_cycle=0.198142415 cycles_per_byte=5.046875000 stalls=0
METRIC architecture=decrypt-overlap-karatsuba-1r2c case=perf-iv1-aad64-data64-decrypt mode=decrypt iv_bytes=1 aad_bytes=64 data_bytes=64 key_setup_cycles=8 warm_cycles=312 cold_cycles=320 bytes_per_cycle=0.205128205 cycles_per_byte=4.875000000 stalls=0
GCM RTL: PASS architecture=decrypt-overlap-karatsuba-1r2c corpus_operations=1038 stalled_replays=32 fixed_cycle_comparisons=38 min_cycles=43 max_cycles=328 mean_cycles=162.936 total_sim_cycles=198951
