METRIC architecture=karatsuba-1r2c case=perf-iv12-aad0-data0-encrypt mode=encrypt iv_bytes=12 aad_bytes=0 data_bytes=0 key_setup_cycles=8 warm_cycles=48 cold_cycles=56 bytes_per_cycle=null cycles_per_byte=null stalls=0
METRIC architecture=karatsuba-1r2c case=perf-iv12-aad0-data0-decrypt mode=decrypt iv_bytes=12 aad_bytes=0 data_bytes=0 key_setup_cycles=8 warm_cycles=49 cold_cycles=57 bytes_per_cycle=null cycles_per_byte=null stalls=0
METRIC architecture=karatsuba-1r2c case=perf-iv12-aad0-data1-encrypt mode=encrypt iv_bytes=12 aad_bytes=0 data_bytes=1 key_setup_cycles=8 warm_cycles=69 cold_cycles=77 bytes_per_cycle=0.014492754 cycles_per_byte=69.000000000 stalls=0
METRIC architecture=karatsuba-1r2c case=perf-iv12-aad0-data1-decrypt mode=decrypt iv_bytes=12 aad_bytes=0 data_bytes=1 key_setup_cycles=8 warm_cycles=70 cold_cycles=78 bytes_per_cycle=0.014285714 cycles_per_byte=70.000000000 stalls=0
METRIC architecture=karatsuba-1r2c case=perf-iv12-aad0-data15-encrypt mode=encrypt iv_bytes=12 aad_bytes=0 data_bytes=15 key_setup_cycles=8 warm_cycles=97 cold_cycles=105 bytes_per_cycle=0.154639175 cycles_per_byte=6.466666667 stalls=0
METRIC architecture=karatsuba-1r2c case=perf-iv12-aad0-data15-decrypt mode=decrypt iv_bytes=12 aad_bytes=0 data_bytes=15 key_setup_cycles=8 warm_cycles=98 cold_cycles=106 bytes_per_cycle=0.153061224 cycles_per_byte=6.533333333 stalls=0
METRIC architecture=karatsuba-1r2c case=perf-iv12-aad0-data16-encrypt mode=encrypt iv_bytes=12 aad_bytes=0 data_bytes=16 key_setup_cycles=8 warm_cycles=99 cold_cycles=107 bytes_per_cycle=0.161616162 cycles_per_byte=6.187500000 stalls=0
METRIC architecture=karatsuba-1r2c case=perf-iv12-aad0-data16-decrypt mode=decrypt iv_bytes=12 aad_bytes=0 data_bytes=16 key_setup_cycles=8 warm_cycles=100 cold_cycles=108 bytes_per_cycle=0.160000000 cycles_per_byte=6.250000000 stalls=0
METRIC architecture=karatsuba-1r2c case=perf-iv12-aad0-data17-encrypt mode=encrypt iv_bytes=12 aad_bytes=0 data_bytes=17 key_setup_cycles=8 warm_cycles=120 cold_cycles=128 bytes_per_cycle=0.141666667 cycles_per_byte=7.058823529 stalls=0
METRIC architecture=karatsuba-1r2c case=perf-iv12-aad0-data17-decrypt mode=decrypt iv_bytes=12 aad_bytes=0 data_bytes=17 key_setup_cycles=8 warm_cycles=121 cold_cycles=129 bytes_per_cycle=0.140495868 cycles_per_byte=7.117647059 stalls=0
METRIC architecture=karatsuba-1r2c case=perf-iv12-aad0-data31-encrypt mode=encrypt iv_bytes=12 aad_bytes=0 data_bytes=31 key_setup_cycles=8 warm_cycles=148 cold_cycles=156 bytes_per_cycle=0.209459459 cycles_per_byte=4.774193548 stalls=0
METRIC architecture=karatsuba-1r2c case=perf-iv12-aad0-data31-decrypt mode=decrypt iv_bytes=12 aad_bytes=0 data_bytes=31 key_setup_cycles=8 warm_cycles=149 cold_cycles=157 bytes_per_cycle=0.208053691 cycles_per_byte=4.806451613 stalls=0
METRIC architecture=karatsuba-1r2c case=perf-iv12-aad0-data32-encrypt mode=encrypt iv_bytes=12 aad_bytes=0 data_bytes=32 key_setup_cycles=8 warm_cycles=150 cold_cycles=158 bytes_per_cycle=0.213333333 cycles_per_byte=4.687500000 stalls=0
METRIC architecture=karatsuba-1r2c case=perf-iv12-aad0-data32-decrypt mode=decrypt iv_bytes=12 aad_bytes=0 data_bytes=32 key_setup_cycles=8 warm_cycles=151 cold_cycles=159 bytes_per_cycle=0.211920530 cycles_per_byte=4.718750000 stalls=0
METRIC architecture=karatsuba-1r2c case=perf-iv12-aad0-data64-encrypt mode=encrypt iv_bytes=12 aad_bytes=0 data_bytes=64 key_setup_cycles=8 warm_cycles=252 cold_cycles=260 bytes_per_cycle=0.253968254 cycles_per_byte=3.937500000 stalls=0
METRIC architecture=karatsuba-1r2c case=perf-iv12-aad0-data64-decrypt mode=decrypt iv_bytes=12 aad_bytes=0 data_bytes=64 key_setup_cycles=8 warm_cycles=253 cold_cycles=261 bytes_per_cycle=0.252964427 cycles_per_byte=3.953125000 stalls=0
METRIC architecture=karatsuba-1r2c case=perf-iv12-aad16-data0-encrypt mode=encrypt iv_bytes=12 aad_bytes=16 data_bytes=0 key_setup_cycles=8 warm_cycles=67 cold_cycles=75 bytes_per_cycle=null cycles_per_byte=null stalls=0
METRIC architecture=karatsuba-1r2c case=perf-iv12-aad16-data0-decrypt mode=decrypt iv_bytes=12 aad_bytes=16 data_bytes=0 key_setup_cycles=8 warm_cycles=68 cold_cycles=76 bytes_per_cycle=null cycles_per_byte=null stalls=0
METRIC architecture=karatsuba-1r2c case=perf-iv12-aad16-data1-encrypt mode=encrypt iv_bytes=12 aad_bytes=16 data_bytes=1 key_setup_cycles=8 warm_cycles=88 cold_cycles=96 bytes_per_cycle=0.011363636 cycles_per_byte=88.000000000 stalls=0
METRIC architecture=karatsuba-1r2c case=perf-iv12-aad16-data1-decrypt mode=decrypt iv_bytes=12 aad_bytes=16 data_bytes=1 key_setup_cycles=8 warm_cycles=89 cold_cycles=97 bytes_per_cycle=0.011235955 cycles_per_byte=89.000000000 stalls=0
METRIC architecture=karatsuba-1r2c case=perf-iv12-aad16-data15-encrypt mode=encrypt iv_bytes=12 aad_bytes=16 data_bytes=15 key_setup_cycles=8 warm_cycles=116 cold_cycles=124 bytes_per_cycle=0.129310345 cycles_per_byte=7.733333333 stalls=0
METRIC architecture=karatsuba-1r2c case=perf-iv12-aad16-data15-decrypt mode=decrypt iv_bytes=12 aad_bytes=16 data_bytes=15 key_setup_cycles=8 warm_cycles=117 cold_cycles=125 bytes_per_cycle=0.128205128 cycles_per_byte=7.800000000 stalls=0
METRIC architecture=karatsuba-1r2c case=perf-iv12-aad16-data16-encrypt mode=encrypt iv_bytes=12 aad_bytes=16 data_bytes=16 key_setup_cycles=8 warm_cycles=118 cold_cycles=126 bytes_per_cycle=0.135593220 cycles_per_byte=7.375000000 stalls=0
METRIC architecture=karatsuba-1r2c case=perf-iv12-aad16-data16-decrypt mode=decrypt iv_bytes=12 aad_bytes=16 data_bytes=16 key_setup_cycles=8 warm_cycles=119 cold_cycles=127 bytes_per_cycle=0.134453782 cycles_per_byte=7.437500000 stalls=0
METRIC architecture=karatsuba-1r2c case=perf-iv12-aad16-data17-encrypt mode=encrypt iv_bytes=12 aad_bytes=16 data_bytes=17 key_setup_cycles=8 warm_cycles=139 cold_cycles=147 bytes_per_cycle=0.122302158 cycles_per_byte=8.176470588 stalls=0
METRIC architecture=karatsuba-1r2c case=perf-iv12-aad16-data17-decrypt mode=decrypt iv_bytes=12 aad_bytes=16 data_bytes=17 key_setup_cycles=8 warm_cycles=140 cold_cycles=148 bytes_per_cycle=0.121428571 cycles_per_byte=8.235294118 stalls=0
METRIC architecture=karatsuba-1r2c case=perf-iv12-aad16-data31-encrypt mode=encrypt iv_bytes=12 aad_bytes=16 data_bytes=31 key_setup_cycles=8 warm_cycles=167 cold_cycles=175 bytes_per_cycle=0.185628743 cycles_per_byte=5.387096774 stalls=0
METRIC architecture=karatsuba-1r2c case=perf-iv12-aad16-data31-decrypt mode=decrypt iv_bytes=12 aad_bytes=16 data_bytes=31 key_setup_cycles=8 warm_cycles=168 cold_cycles=176 bytes_per_cycle=0.184523810 cycles_per_byte=5.419354839 stalls=0
METRIC architecture=karatsuba-1r2c case=perf-iv12-aad16-data32-encrypt mode=encrypt iv_bytes=12 aad_bytes=16 data_bytes=32 key_setup_cycles=8 warm_cycles=169 cold_cycles=177 bytes_per_cycle=0.189349112 cycles_per_byte=5.281250000 stalls=0
METRIC architecture=karatsuba-1r2c case=perf-iv12-aad16-data32-decrypt mode=decrypt iv_bytes=12 aad_bytes=16 data_bytes=32 key_setup_cycles=8 warm_cycles=170 cold_cycles=178 bytes_per_cycle=0.188235294 cycles_per_byte=5.312500000 stalls=0
METRIC architecture=karatsuba-1r2c case=perf-iv12-aad16-data64-encrypt mode=encrypt iv_bytes=12 aad_bytes=16 data_bytes=64 key_setup_cycles=8 warm_cycles=271 cold_cycles=279 bytes_per_cycle=0.236162362 cycles_per_byte=4.234375000 stalls=0
METRIC architecture=karatsuba-1r2c case=perf-iv12-aad16-data64-decrypt mode=decrypt iv_bytes=12 aad_bytes=16 data_bytes=64 key_setup_cycles=8 warm_cycles=272 cold_cycles=280 bytes_per_cycle=0.235294118 cycles_per_byte=4.250000000 stalls=0
METRIC architecture=karatsuba-1r2c case=perf-iv12-aad64-data0-encrypt mode=encrypt iv_bytes=12 aad_bytes=64 data_bytes=0 key_setup_cycles=8 warm_cycles=124 cold_cycles=132 bytes_per_cycle=null cycles_per_byte=null stalls=0
METRIC architecture=karatsuba-1r2c case=perf-iv12-aad64-data0-decrypt mode=decrypt iv_bytes=12 aad_bytes=64 data_bytes=0 key_setup_cycles=8 warm_cycles=125 cold_cycles=133 bytes_per_cycle=null cycles_per_byte=null stalls=0
METRIC architecture=karatsuba-1r2c case=perf-iv12-aad64-data1-encrypt mode=encrypt iv_bytes=12 aad_bytes=64 data_bytes=1 key_setup_cycles=8 warm_cycles=145 cold_cycles=153 bytes_per_cycle=0.006896552 cycles_per_byte=145.000000000 stalls=0
METRIC architecture=karatsuba-1r2c case=perf-iv12-aad64-data1-decrypt mode=decrypt iv_bytes=12 aad_bytes=64 data_bytes=1 key_setup_cycles=8 warm_cycles=146 cold_cycles=154 bytes_per_cycle=0.006849315 cycles_per_byte=146.000000000 stalls=0
METRIC architecture=karatsuba-1r2c case=perf-iv12-aad64-data15-encrypt mode=encrypt iv_bytes=12 aad_bytes=64 data_bytes=15 key_setup_cycles=8 warm_cycles=173 cold_cycles=181 bytes_per_cycle=0.086705202 cycles_per_byte=11.533333333 stalls=0
METRIC architecture=karatsuba-1r2c case=perf-iv12-aad64-data15-decrypt mode=decrypt iv_bytes=12 aad_bytes=64 data_bytes=15 key_setup_cycles=8 warm_cycles=174 cold_cycles=182 bytes_per_cycle=0.086206897 cycles_per_byte=11.600000000 stalls=0
METRIC architecture=karatsuba-1r2c case=perf-iv12-aad64-data16-encrypt mode=encrypt iv_bytes=12 aad_bytes=64 data_bytes=16 key_setup_cycles=8 warm_cycles=175 cold_cycles=183 bytes_per_cycle=0.091428571 cycles_per_byte=10.937500000 stalls=0
METRIC architecture=karatsuba-1r2c case=perf-iv12-aad64-data16-decrypt mode=decrypt iv_bytes=12 aad_bytes=64 data_bytes=16 key_setup_cycles=8 warm_cycles=176 cold_cycles=184 bytes_per_cycle=0.090909091 cycles_per_byte=11.000000000 stalls=0
METRIC architecture=karatsuba-1r2c case=perf-iv12-aad64-data17-encrypt mode=encrypt iv_bytes=12 aad_bytes=64 data_bytes=17 key_setup_cycles=8 warm_cycles=196 cold_cycles=204 bytes_per_cycle=0.086734694 cycles_per_byte=11.529411765 stalls=0
METRIC architecture=karatsuba-1r2c case=perf-iv12-aad64-data17-decrypt mode=decrypt iv_bytes=12 aad_bytes=64 data_bytes=17 key_setup_cycles=8 warm_cycles=197 cold_cycles=205 bytes_per_cycle=0.086294416 cycles_per_byte=11.588235294 stalls=0
METRIC architecture=karatsuba-1r2c case=perf-iv12-aad64-data31-encrypt mode=encrypt iv_bytes=12 aad_bytes=64 data_bytes=31 key_setup_cycles=8 warm_cycles=224 cold_cycles=232 bytes_per_cycle=0.138392857 cycles_per_byte=7.225806452 stalls=0
METRIC architecture=karatsuba-1r2c case=perf-iv12-aad64-data31-decrypt mode=decrypt iv_bytes=12 aad_bytes=64 data_bytes=31 key_setup_cycles=8 warm_cycles=225 cold_cycles=233 bytes_per_cycle=0.137777778 cycles_per_byte=7.258064516 stalls=0
METRIC architecture=karatsuba-1r2c case=perf-iv12-aad64-data32-encrypt mode=encrypt iv_bytes=12 aad_bytes=64 data_bytes=32 key_setup_cycles=8 warm_cycles=226 cold_cycles=234 bytes_per_cycle=0.141592920 cycles_per_byte=7.062500000 stalls=0
METRIC architecture=karatsuba-1r2c case=perf-iv12-aad64-data32-decrypt mode=decrypt iv_bytes=12 aad_bytes=64 data_bytes=32 key_setup_cycles=8 warm_cycles=227 cold_cycles=235 bytes_per_cycle=0.140969163 cycles_per_byte=7.093750000 stalls=0
METRIC architecture=karatsuba-1r2c case=perf-iv12-aad64-data64-encrypt mode=encrypt iv_bytes=12 aad_bytes=64 data_bytes=64 key_setup_cycles=8 warm_cycles=328 cold_cycles=336 bytes_per_cycle=0.195121951 cycles_per_byte=5.125000000 stalls=0
METRIC architecture=karatsuba-1r2c case=perf-iv12-aad64-data64-decrypt mode=decrypt iv_bytes=12 aad_bytes=64 data_bytes=64 key_setup_cycles=8 warm_cycles=329 cold_cycles=337 bytes_per_cycle=0.194528875 cycles_per_byte=5.140625000 stalls=0
METRIC architecture=karatsuba-1r2c case=perf-iv1-aad0-data0-encrypt mode=encrypt iv_bytes=1 aad_bytes=0 data_bytes=0 key_setup_cycles=8 warm_cycles=43 cold_cycles=51 bytes_per_cycle=null cycles_per_byte=null stalls=0
METRIC architecture=karatsuba-1r2c case=perf-iv1-aad0-data0-decrypt mode=decrypt iv_bytes=1 aad_bytes=0 data_bytes=0 key_setup_cycles=8 warm_cycles=44 cold_cycles=52 bytes_per_cycle=null cycles_per_byte=null stalls=0
METRIC architecture=karatsuba-1r2c case=perf-iv1-aad0-data1-encrypt mode=encrypt iv_bytes=1 aad_bytes=0 data_bytes=1 key_setup_cycles=8 warm_cycles=64 cold_cycles=72 bytes_per_cycle=0.015625000 cycles_per_byte=64.000000000 stalls=0
METRIC architecture=karatsuba-1r2c case=perf-iv1-aad0-data1-decrypt mode=decrypt iv_bytes=1 aad_bytes=0 data_bytes=1 key_setup_cycles=8 warm_cycles=65 cold_cycles=73 bytes_per_cycle=0.015384615 cycles_per_byte=65.000000000 stalls=0
METRIC architecture=karatsuba-1r2c case=perf-iv1-aad0-data15-encrypt mode=encrypt iv_bytes=1 aad_bytes=0 data_bytes=15 key_setup_cycles=8 warm_cycles=92 cold_cycles=100 bytes_per_cycle=0.163043478 cycles_per_byte=6.133333333 stalls=0
METRIC architecture=karatsuba-1r2c case=perf-iv1-aad0-data15-decrypt mode=decrypt iv_bytes=1 aad_bytes=0 data_bytes=15 key_setup_cycles=8 warm_cycles=93 cold_cycles=101 bytes_per_cycle=0.161290323 cycles_per_byte=6.200000000 stalls=0
METRIC architecture=karatsuba-1r2c case=perf-iv1-aad0-data16-encrypt mode=encrypt iv_bytes=1 aad_bytes=0 data_bytes=16 key_setup_cycles=8 warm_cycles=94 cold_cycles=102 bytes_per_cycle=0.170212766 cycles_per_byte=5.875000000 stalls=0
METRIC architecture=karatsuba-1r2c case=perf-iv1-aad0-data16-decrypt mode=decrypt iv_bytes=1 aad_bytes=0 data_bytes=16 key_setup_cycles=8 warm_cycles=95 cold_cycles=103 bytes_per_cycle=0.168421053 cycles_per_byte=5.937500000 stalls=0
METRIC architecture=karatsuba-1r2c case=perf-iv1-aad0-data17-encrypt mode=encrypt iv_bytes=1 aad_bytes=0 data_bytes=17 key_setup_cycles=8 warm_cycles=115 cold_cycles=123 bytes_per_cycle=0.147826087 cycles_per_byte=6.764705882 stalls=0
METRIC architecture=karatsuba-1r2c case=perf-iv1-aad0-data17-decrypt mode=decrypt iv_bytes=1 aad_bytes=0 data_bytes=17 key_setup_cycles=8 warm_cycles=116 cold_cycles=124 bytes_per_cycle=0.146551724 cycles_per_byte=6.823529412 stalls=0
METRIC architecture=karatsuba-1r2c case=perf-iv1-aad0-data31-encrypt mode=encrypt iv_bytes=1 aad_bytes=0 data_bytes=31 key_setup_cycles=8 warm_cycles=143 cold_cycles=151 bytes_per_cycle=0.216783217 cycles_per_byte=4.612903226 stalls=0
METRIC architecture=karatsuba-1r2c case=perf-iv1-aad0-data31-decrypt mode=decrypt iv_bytes=1 aad_bytes=0 data_bytes=31 key_setup_cycles=8 warm_cycles=144 cold_cycles=152 bytes_per_cycle=0.215277778 cycles_per_byte=4.645161290 stalls=0
METRIC architecture=karatsuba-1r2c case=perf-iv1-aad0-data32-encrypt mode=encrypt iv_bytes=1 aad_bytes=0 data_bytes=32 key_setup_cycles=8 warm_cycles=145 cold_cycles=153 bytes_per_cycle=0.220689655 cycles_per_byte=4.531250000 stalls=0
METRIC architecture=karatsuba-1r2c case=perf-iv1-aad0-data32-decrypt mode=decrypt iv_bytes=1 aad_bytes=0 data_bytes=32 key_setup_cycles=8 warm_cycles=146 cold_cycles=154 bytes_per_cycle=0.219178082 cycles_per_byte=4.562500000 stalls=0
METRIC architecture=karatsuba-1r2c case=perf-iv1-aad0-data64-encrypt mode=encrypt iv_bytes=1 aad_bytes=0 data_bytes=64 key_setup_cycles=8 warm_cycles=247 cold_cycles=255 bytes_per_cycle=0.259109312 cycles_per_byte=3.859375000 stalls=0
METRIC architecture=karatsuba-1r2c case=perf-iv1-aad0-data64-decrypt mode=decrypt iv_bytes=1 aad_bytes=0 data_bytes=64 key_setup_cycles=8 warm_cycles=248 cold_cycles=256 bytes_per_cycle=0.258064516 cycles_per_byte=3.875000000 stalls=0
METRIC architecture=karatsuba-1r2c case=perf-iv1-aad16-data0-encrypt mode=encrypt iv_bytes=1 aad_bytes=16 data_bytes=0 key_setup_cycles=8 warm_cycles=62 cold_cycles=70 bytes_per_cycle=null cycles_per_byte=null stalls=0
METRIC architecture=karatsuba-1r2c case=perf-iv1-aad16-data0-decrypt mode=decrypt iv_bytes=1 aad_bytes=16 data_bytes=0 key_setup_cycles=8 warm_cycles=63 cold_cycles=71 bytes_per_cycle=null cycles_per_byte=null stalls=0
METRIC architecture=karatsuba-1r2c case=perf-iv1-aad16-data1-encrypt mode=encrypt iv_bytes=1 aad_bytes=16 data_bytes=1 key_setup_cycles=8 warm_cycles=83 cold_cycles=91 bytes_per_cycle=0.012048193 cycles_per_byte=83.000000000 stalls=0
METRIC architecture=karatsuba-1r2c case=perf-iv1-aad16-data1-decrypt mode=decrypt iv_bytes=1 aad_bytes=16 data_bytes=1 key_setup_cycles=8 warm_cycles=84 cold_cycles=92 bytes_per_cycle=0.011904762 cycles_per_byte=84.000000000 stalls=0
METRIC architecture=karatsuba-1r2c case=perf-iv1-aad16-data15-encrypt mode=encrypt iv_bytes=1 aad_bytes=16 data_bytes=15 key_setup_cycles=8 warm_cycles=111 cold_cycles=119 bytes_per_cycle=0.135135135 cycles_per_byte=7.400000000 stalls=0
METRIC architecture=karatsuba-1r2c case=perf-iv1-aad16-data15-decrypt mode=decrypt iv_bytes=1 aad_bytes=16 data_bytes=15 key_setup_cycles=8 warm_cycles=112 cold_cycles=120 bytes_per_cycle=0.133928571 cycles_per_byte=7.466666667 stalls=0
METRIC architecture=karatsuba-1r2c case=perf-iv1-aad16-data16-encrypt mode=encrypt iv_bytes=1 aad_bytes=16 data_bytes=16 key_setup_cycles=8 warm_cycles=113 cold_cycles=121 bytes_per_cycle=0.141592920 cycles_per_byte=7.062500000 stalls=0
METRIC architecture=karatsuba-1r2c case=perf-iv1-aad16-data16-decrypt mode=decrypt iv_bytes=1 aad_bytes=16 data_bytes=16 key_setup_cycles=8 warm_cycles=114 cold_cycles=122 bytes_per_cycle=0.140350877 cycles_per_byte=7.125000000 stalls=0
METRIC architecture=karatsuba-1r2c case=perf-iv1-aad16-data17-encrypt mode=encrypt iv_bytes=1 aad_bytes=16 data_bytes=17 key_setup_cycles=8 warm_cycles=134 cold_cycles=142 bytes_per_cycle=0.126865672 cycles_per_byte=7.882352941 stalls=0
METRIC architecture=karatsuba-1r2c case=perf-iv1-aad16-data17-decrypt mode=decrypt iv_bytes=1 aad_bytes=16 data_bytes=17 key_setup_cycles=8 warm_cycles=135 cold_cycles=143 bytes_per_cycle=0.125925926 cycles_per_byte=7.941176471 stalls=0
METRIC architecture=karatsuba-1r2c case=perf-iv1-aad16-data31-encrypt mode=encrypt iv_bytes=1 aad_bytes=16 data_bytes=31 key_setup_cycles=8 warm_cycles=162 cold_cycles=170 bytes_per_cycle=0.191358025 cycles_per_byte=5.225806452 stalls=0
METRIC architecture=karatsuba-1r2c case=perf-iv1-aad16-data31-decrypt mode=decrypt iv_bytes=1 aad_bytes=16 data_bytes=31 key_setup_cycles=8 warm_cycles=163 cold_cycles=171 bytes_per_cycle=0.190184049 cycles_per_byte=5.258064516 stalls=0
METRIC architecture=karatsuba-1r2c case=perf-iv1-aad16-data32-encrypt mode=encrypt iv_bytes=1 aad_bytes=16 data_bytes=32 key_setup_cycles=8 warm_cycles=164 cold_cycles=172 bytes_per_cycle=0.195121951 cycles_per_byte=5.125000000 stalls=0
METRIC architecture=karatsuba-1r2c case=perf-iv1-aad16-data32-decrypt mode=decrypt iv_bytes=1 aad_bytes=16 data_bytes=32 key_setup_cycles=8 warm_cycles=165 cold_cycles=173 bytes_per_cycle=0.193939394 cycles_per_byte=5.156250000 stalls=0
METRIC architecture=karatsuba-1r2c case=perf-iv1-aad16-data64-encrypt mode=encrypt iv_bytes=1 aad_bytes=16 data_bytes=64 key_setup_cycles=8 warm_cycles=266 cold_cycles=274 bytes_per_cycle=0.240601504 cycles_per_byte=4.156250000 stalls=0
METRIC architecture=karatsuba-1r2c case=perf-iv1-aad16-data64-decrypt mode=decrypt iv_bytes=1 aad_bytes=16 data_bytes=64 key_setup_cycles=8 warm_cycles=267 cold_cycles=275 bytes_per_cycle=0.239700375 cycles_per_byte=4.171875000 stalls=0
METRIC architecture=karatsuba-1r2c case=perf-iv1-aad64-data0-encrypt mode=encrypt iv_bytes=1 aad_bytes=64 data_bytes=0 key_setup_cycles=8 warm_cycles=119 cold_cycles=127 bytes_per_cycle=null cycles_per_byte=null stalls=0
METRIC architecture=karatsuba-1r2c case=perf-iv1-aad64-data0-decrypt mode=decrypt iv_bytes=1 aad_bytes=64 data_bytes=0 key_setup_cycles=8 warm_cycles=120 cold_cycles=128 bytes_per_cycle=null cycles_per_byte=null stalls=0
METRIC architecture=karatsuba-1r2c case=perf-iv1-aad64-data1-encrypt mode=encrypt iv_bytes=1 aad_bytes=64 data_bytes=1 key_setup_cycles=8 warm_cycles=140 cold_cycles=148 bytes_per_cycle=0.007142857 cycles_per_byte=140.000000000 stalls=0
METRIC architecture=karatsuba-1r2c case=perf-iv1-aad64-data1-decrypt mode=decrypt iv_bytes=1 aad_bytes=64 data_bytes=1 key_setup_cycles=8 warm_cycles=141 cold_cycles=149 bytes_per_cycle=0.007092199 cycles_per_byte=141.000000000 stalls=0
METRIC architecture=karatsuba-1r2c case=perf-iv1-aad64-data15-encrypt mode=encrypt iv_bytes=1 aad_bytes=64 data_bytes=15 key_setup_cycles=8 warm_cycles=168 cold_cycles=176 bytes_per_cycle=0.089285714 cycles_per_byte=11.200000000 stalls=0
METRIC architecture=karatsuba-1r2c case=perf-iv1-aad64-data15-decrypt mode=decrypt iv_bytes=1 aad_bytes=64 data_bytes=15 key_setup_cycles=8 warm_cycles=169 cold_cycles=177 bytes_per_cycle=0.088757396 cycles_per_byte=11.266666667 stalls=0
METRIC architecture=karatsuba-1r2c case=perf-iv1-aad64-data16-encrypt mode=encrypt iv_bytes=1 aad_bytes=64 data_bytes=16 key_setup_cycles=8 warm_cycles=170 cold_cycles=178 bytes_per_cycle=0.094117647 cycles_per_byte=10.625000000 stalls=0
METRIC architecture=karatsuba-1r2c case=perf-iv1-aad64-data16-decrypt mode=decrypt iv_bytes=1 aad_bytes=64 data_bytes=16 key_setup_cycles=8 warm_cycles=171 cold_cycles=179 bytes_per_cycle=0.093567251 cycles_per_byte=10.687500000 stalls=0
METRIC architecture=karatsuba-1r2c case=perf-iv1-aad64-data17-encrypt mode=encrypt iv_bytes=1 aad_bytes=64 data_bytes=17 key_setup_cycles=8 warm_cycles=191 cold_cycles=199 bytes_per_cycle=0.089005236 cycles_per_byte=11.235294118 stalls=0
METRIC architecture=karatsuba-1r2c case=perf-iv1-aad64-data17-decrypt mode=decrypt iv_bytes=1 aad_bytes=64 data_bytes=17 key_setup_cycles=8 warm_cycles=192 cold_cycles=200 bytes_per_cycle=0.088541667 cycles_per_byte=11.294117647 stalls=0
METRIC architecture=karatsuba-1r2c case=perf-iv1-aad64-data31-encrypt mode=encrypt iv_bytes=1 aad_bytes=64 data_bytes=31 key_setup_cycles=8 warm_cycles=219 cold_cycles=227 bytes_per_cycle=0.141552511 cycles_per_byte=7.064516129 stalls=0
METRIC architecture=karatsuba-1r2c case=perf-iv1-aad64-data31-decrypt mode=decrypt iv_bytes=1 aad_bytes=64 data_bytes=31 key_setup_cycles=8 warm_cycles=220 cold_cycles=228 bytes_per_cycle=0.140909091 cycles_per_byte=7.096774194 stalls=0
METRIC architecture=karatsuba-1r2c case=perf-iv1-aad64-data32-encrypt mode=encrypt iv_bytes=1 aad_bytes=64 data_bytes=32 key_setup_cycles=8 warm_cycles=221 cold_cycles=229 bytes_per_cycle=0.144796380 cycles_per_byte=6.906250000 stalls=0
METRIC architecture=karatsuba-1r2c case=perf-iv1-aad64-data32-decrypt mode=decrypt iv_bytes=1 aad_bytes=64 data_bytes=32 key_setup_cycles=8 warm_cycles=222 cold_cycles=230 bytes_per_cycle=0.144144144 cycles_per_byte=6.937500000 stalls=0
METRIC architecture=karatsuba-1r2c case=perf-iv1-aad64-data64-encrypt mode=encrypt iv_bytes=1 aad_bytes=64 data_bytes=64 key_setup_cycles=8 warm_cycles=323 cold_cycles=331 bytes_per_cycle=0.198142415 cycles_per_byte=5.046875000 stalls=0
METRIC architecture=karatsuba-1r2c case=perf-iv1-aad64-data64-decrypt mode=decrypt iv_bytes=1 aad_bytes=64 data_bytes=64 key_setup_cycles=8 warm_cycles=324 cold_cycles=332 bytes_per_cycle=0.197530864 cycles_per_byte=5.062500000 stalls=0
GCM RTL: PASS architecture=karatsuba-1r2c corpus_operations=1038 stalled_replays=32 fixed_cycle_comparisons=38 min_cycles=43 max_cycles=329 mean_cycles=166.552 total_sim_cycles=203086
