METRIC architecture=overlap-1r64b case=perf-iv12-aad0-data0-encrypt mode=encrypt iv_bytes=12 aad_bytes=0 data_bytes=0 key_setup_cycles=8 warm_cycles=49 cold_cycles=57 bytes_per_cycle=null cycles_per_byte=null stalls=0
METRIC architecture=overlap-1r64b case=perf-iv12-aad0-data0-decrypt mode=decrypt iv_bytes=12 aad_bytes=0 data_bytes=0 key_setup_cycles=8 warm_cycles=50 cold_cycles=58 bytes_per_cycle=null cycles_per_byte=null stalls=0
METRIC architecture=overlap-1r64b case=perf-iv12-aad0-data1-encrypt mode=encrypt iv_bytes=12 aad_bytes=0 data_bytes=1 key_setup_cycles=8 warm_cycles=71 cold_cycles=79 bytes_per_cycle=0.014084507 cycles_per_byte=71.000000000 stalls=0
METRIC architecture=overlap-1r64b case=perf-iv12-aad0-data1-decrypt mode=decrypt iv_bytes=12 aad_bytes=0 data_bytes=1 key_setup_cycles=8 warm_cycles=72 cold_cycles=80 bytes_per_cycle=0.013888889 cycles_per_byte=72.000000000 stalls=0
METRIC architecture=overlap-1r64b case=perf-iv12-aad0-data15-encrypt mode=encrypt iv_bytes=12 aad_bytes=0 data_bytes=15 key_setup_cycles=8 warm_cycles=99 cold_cycles=107 bytes_per_cycle=0.151515152 cycles_per_byte=6.600000000 stalls=0
METRIC architecture=overlap-1r64b case=perf-iv12-aad0-data15-decrypt mode=decrypt iv_bytes=12 aad_bytes=0 data_bytes=15 key_setup_cycles=8 warm_cycles=100 cold_cycles=108 bytes_per_cycle=0.150000000 cycles_per_byte=6.666666667 stalls=0
METRIC architecture=overlap-1r64b case=perf-iv12-aad0-data16-encrypt mode=encrypt iv_bytes=12 aad_bytes=0 data_bytes=16 key_setup_cycles=8 warm_cycles=101 cold_cycles=109 bytes_per_cycle=0.158415842 cycles_per_byte=6.312500000 stalls=0
METRIC architecture=overlap-1r64b case=perf-iv12-aad0-data16-decrypt mode=decrypt iv_bytes=12 aad_bytes=0 data_bytes=16 key_setup_cycles=8 warm_cycles=102 cold_cycles=110 bytes_per_cycle=0.156862745 cycles_per_byte=6.375000000 stalls=0
METRIC architecture=overlap-1r64b case=perf-iv12-aad0-data17-encrypt mode=encrypt iv_bytes=12 aad_bytes=0 data_bytes=17 key_setup_cycles=8 warm_cycles=119 cold_cycles=127 bytes_per_cycle=0.142857143 cycles_per_byte=7.000000000 stalls=0
METRIC architecture=overlap-1r64b case=perf-iv12-aad0-data17-decrypt mode=decrypt iv_bytes=12 aad_bytes=0 data_bytes=17 key_setup_cycles=8 warm_cycles=120 cold_cycles=128 bytes_per_cycle=0.141666667 cycles_per_byte=7.058823529 stalls=0
METRIC architecture=overlap-1r64b case=perf-iv12-aad0-data31-encrypt mode=encrypt iv_bytes=12 aad_bytes=0 data_bytes=31 key_setup_cycles=8 warm_cycles=147 cold_cycles=155 bytes_per_cycle=0.210884354 cycles_per_byte=4.741935484 stalls=0
METRIC architecture=overlap-1r64b case=perf-iv12-aad0-data31-decrypt mode=decrypt iv_bytes=12 aad_bytes=0 data_bytes=31 key_setup_cycles=8 warm_cycles=148 cold_cycles=156 bytes_per_cycle=0.209459459 cycles_per_byte=4.774193548 stalls=0
METRIC architecture=overlap-1r64b case=perf-iv12-aad0-data32-encrypt mode=encrypt iv_bytes=12 aad_bytes=0 data_bytes=32 key_setup_cycles=8 warm_cycles=149 cold_cycles=157 bytes_per_cycle=0.214765101 cycles_per_byte=4.656250000 stalls=0
METRIC architecture=overlap-1r64b case=perf-iv12-aad0-data32-decrypt mode=decrypt iv_bytes=12 aad_bytes=0 data_bytes=32 key_setup_cycles=8 warm_cycles=150 cold_cycles=158 bytes_per_cycle=0.213333333 cycles_per_byte=4.687500000 stalls=0
METRIC architecture=overlap-1r64b case=perf-iv12-aad0-data64-encrypt mode=encrypt iv_bytes=12 aad_bytes=0 data_bytes=64 key_setup_cycles=8 warm_cycles=245 cold_cycles=253 bytes_per_cycle=0.261224490 cycles_per_byte=3.828125000 stalls=0
METRIC architecture=overlap-1r64b case=perf-iv12-aad0-data64-decrypt mode=decrypt iv_bytes=12 aad_bytes=0 data_bytes=64 key_setup_cycles=8 warm_cycles=246 cold_cycles=254 bytes_per_cycle=0.260162602 cycles_per_byte=3.843750000 stalls=0
METRIC architecture=overlap-1r64b case=perf-iv12-aad16-data0-encrypt mode=encrypt iv_bytes=12 aad_bytes=16 data_bytes=0 key_setup_cycles=8 warm_cycles=69 cold_cycles=77 bytes_per_cycle=null cycles_per_byte=null stalls=0
METRIC architecture=overlap-1r64b case=perf-iv12-aad16-data0-decrypt mode=decrypt iv_bytes=12 aad_bytes=16 data_bytes=0 key_setup_cycles=8 warm_cycles=70 cold_cycles=78 bytes_per_cycle=null cycles_per_byte=null stalls=0
METRIC architecture=overlap-1r64b case=perf-iv12-aad16-data1-encrypt mode=encrypt iv_bytes=12 aad_bytes=16 data_bytes=1 key_setup_cycles=8 warm_cycles=91 cold_cycles=99 bytes_per_cycle=0.010989011 cycles_per_byte=91.000000000 stalls=0
METRIC architecture=overlap-1r64b case=perf-iv12-aad16-data1-decrypt mode=decrypt iv_bytes=12 aad_bytes=16 data_bytes=1 key_setup_cycles=8 warm_cycles=92 cold_cycles=100 bytes_per_cycle=0.010869565 cycles_per_byte=92.000000000 stalls=0
METRIC architecture=overlap-1r64b case=perf-iv12-aad16-data15-encrypt mode=encrypt iv_bytes=12 aad_bytes=16 data_bytes=15 key_setup_cycles=8 warm_cycles=119 cold_cycles=127 bytes_per_cycle=0.126050420 cycles_per_byte=7.933333333 stalls=0
METRIC architecture=overlap-1r64b case=perf-iv12-aad16-data15-decrypt mode=decrypt iv_bytes=12 aad_bytes=16 data_bytes=15 key_setup_cycles=8 warm_cycles=120 cold_cycles=128 bytes_per_cycle=0.125000000 cycles_per_byte=8.000000000 stalls=0
METRIC architecture=overlap-1r64b case=perf-iv12-aad16-data16-encrypt mode=encrypt iv_bytes=12 aad_bytes=16 data_bytes=16 key_setup_cycles=8 warm_cycles=121 cold_cycles=129 bytes_per_cycle=0.132231405 cycles_per_byte=7.562500000 stalls=0
METRIC architecture=overlap-1r64b case=perf-iv12-aad16-data16-decrypt mode=decrypt iv_bytes=12 aad_bytes=16 data_bytes=16 key_setup_cycles=8 warm_cycles=122 cold_cycles=130 bytes_per_cycle=0.131147541 cycles_per_byte=7.625000000 stalls=0
METRIC architecture=overlap-1r64b case=perf-iv12-aad16-data17-encrypt mode=encrypt iv_bytes=12 aad_bytes=16 data_bytes=17 key_setup_cycles=8 warm_cycles=139 cold_cycles=147 bytes_per_cycle=0.122302158 cycles_per_byte=8.176470588 stalls=0
METRIC architecture=overlap-1r64b case=perf-iv12-aad16-data17-decrypt mode=decrypt iv_bytes=12 aad_bytes=16 data_bytes=17 key_setup_cycles=8 warm_cycles=140 cold_cycles=148 bytes_per_cycle=0.121428571 cycles_per_byte=8.235294118 stalls=0
METRIC architecture=overlap-1r64b case=perf-iv12-aad16-data31-encrypt mode=encrypt iv_bytes=12 aad_bytes=16 data_bytes=31 key_setup_cycles=8 warm_cycles=167 cold_cycles=175 bytes_per_cycle=0.185628743 cycles_per_byte=5.387096774 stalls=0
METRIC architecture=overlap-1r64b case=perf-iv12-aad16-data31-decrypt mode=decrypt iv_bytes=12 aad_bytes=16 data_bytes=31 key_setup_cycles=8 warm_cycles=168 cold_cycles=176 bytes_per_cycle=0.184523810 cycles_per_byte=5.419354839 stalls=0
METRIC architecture=overlap-1r64b case=perf-iv12-aad16-data32-encrypt mode=encrypt iv_bytes=12 aad_bytes=16 data_bytes=32 key_setup_cycles=8 warm_cycles=169 cold_cycles=177 bytes_per_cycle=0.189349112 cycles_per_byte=5.281250000 stalls=0
METRIC architecture=overlap-1r64b case=perf-iv12-aad16-data32-decrypt mode=decrypt iv_bytes=12 aad_bytes=16 data_bytes=32 key_setup_cycles=8 warm_cycles=170 cold_cycles=178 bytes_per_cycle=0.188235294 cycles_per_byte=5.312500000 stalls=0
METRIC architecture=overlap-1r64b case=perf-iv12-aad16-data64-encrypt mode=encrypt iv_bytes=12 aad_bytes=16 data_bytes=64 key_setup_cycles=8 warm_cycles=265 cold_cycles=273 bytes_per_cycle=0.241509434 cycles_per_byte=4.140625000 stalls=0
METRIC architecture=overlap-1r64b case=perf-iv12-aad16-data64-decrypt mode=decrypt iv_bytes=12 aad_bytes=16 data_bytes=64 key_setup_cycles=8 warm_cycles=266 cold_cycles=274 bytes_per_cycle=0.240601504 cycles_per_byte=4.156250000 stalls=0
METRIC architecture=overlap-1r64b case=perf-iv12-aad64-data0-encrypt mode=encrypt iv_bytes=12 aad_bytes=64 data_bytes=0 key_setup_cycles=8 warm_cycles=129 cold_cycles=137 bytes_per_cycle=null cycles_per_byte=null stalls=0
METRIC architecture=overlap-1r64b case=perf-iv12-aad64-data0-decrypt mode=decrypt iv_bytes=12 aad_bytes=64 data_bytes=0 key_setup_cycles=8 warm_cycles=130 cold_cycles=138 bytes_per_cycle=null cycles_per_byte=null stalls=0
METRIC architecture=overlap-1r64b case=perf-iv12-aad64-data1-encrypt mode=encrypt iv_bytes=12 aad_bytes=64 data_bytes=1 key_setup_cycles=8 warm_cycles=151 cold_cycles=159 bytes_per_cycle=0.006622517 cycles_per_byte=151.000000000 stalls=0
METRIC architecture=overlap-1r64b case=perf-iv12-aad64-data1-decrypt mode=decrypt iv_bytes=12 aad_bytes=64 data_bytes=1 key_setup_cycles=8 warm_cycles=152 cold_cycles=160 bytes_per_cycle=0.006578947 cycles_per_byte=152.000000000 stalls=0
METRIC architecture=overlap-1r64b case=perf-iv12-aad64-data15-encrypt mode=encrypt iv_bytes=12 aad_bytes=64 data_bytes=15 key_setup_cycles=8 warm_cycles=179 cold_cycles=187 bytes_per_cycle=0.083798883 cycles_per_byte=11.933333333 stalls=0
METRIC architecture=overlap-1r64b case=perf-iv12-aad64-data15-decrypt mode=decrypt iv_bytes=12 aad_bytes=64 data_bytes=15 key_setup_cycles=8 warm_cycles=180 cold_cycles=188 bytes_per_cycle=0.083333333 cycles_per_byte=12.000000000 stalls=0
METRIC architecture=overlap-1r64b case=perf-iv12-aad64-data16-encrypt mode=encrypt iv_bytes=12 aad_bytes=64 data_bytes=16 key_setup_cycles=8 warm_cycles=181 cold_cycles=189 bytes_per_cycle=0.088397790 cycles_per_byte=11.312500000 stalls=0
METRIC architecture=overlap-1r64b case=perf-iv12-aad64-data16-decrypt mode=decrypt iv_bytes=12 aad_bytes=64 data_bytes=16 key_setup_cycles=8 warm_cycles=182 cold_cycles=190 bytes_per_cycle=0.087912088 cycles_per_byte=11.375000000 stalls=0
METRIC architecture=overlap-1r64b case=perf-iv12-aad64-data17-encrypt mode=encrypt iv_bytes=12 aad_bytes=64 data_bytes=17 key_setup_cycles=8 warm_cycles=199 cold_cycles=207 bytes_per_cycle=0.085427136 cycles_per_byte=11.705882353 stalls=0
METRIC architecture=overlap-1r64b case=perf-iv12-aad64-data17-decrypt mode=decrypt iv_bytes=12 aad_bytes=64 data_bytes=17 key_setup_cycles=8 warm_cycles=200 cold_cycles=208 bytes_per_cycle=0.085000000 cycles_per_byte=11.764705882 stalls=0
METRIC architecture=overlap-1r64b case=perf-iv12-aad64-data31-encrypt mode=encrypt iv_bytes=12 aad_bytes=64 data_bytes=31 key_setup_cycles=8 warm_cycles=227 cold_cycles=235 bytes_per_cycle=0.136563877 cycles_per_byte=7.322580645 stalls=0
METRIC architecture=overlap-1r64b case=perf-iv12-aad64-data31-decrypt mode=decrypt iv_bytes=12 aad_bytes=64 data_bytes=31 key_setup_cycles=8 warm_cycles=228 cold_cycles=236 bytes_per_cycle=0.135964912 cycles_per_byte=7.354838710 stalls=0
METRIC architecture=overlap-1r64b case=perf-iv12-aad64-data32-encrypt mode=encrypt iv_bytes=12 aad_bytes=64 data_bytes=32 key_setup_cycles=8 warm_cycles=229 cold_cycles=237 bytes_per_cycle=0.139737991 cycles_per_byte=7.156250000 stalls=0
METRIC architecture=overlap-1r64b case=perf-iv12-aad64-data32-decrypt mode=decrypt iv_bytes=12 aad_bytes=64 data_bytes=32 key_setup_cycles=8 warm_cycles=230 cold_cycles=238 bytes_per_cycle=0.139130435 cycles_per_byte=7.187500000 stalls=0
METRIC architecture=overlap-1r64b case=perf-iv12-aad64-data64-encrypt mode=encrypt iv_bytes=12 aad_bytes=64 data_bytes=64 key_setup_cycles=8 warm_cycles=325 cold_cycles=333 bytes_per_cycle=0.196923077 cycles_per_byte=5.078125000 stalls=0
METRIC architecture=overlap-1r64b case=perf-iv12-aad64-data64-decrypt mode=decrypt iv_bytes=12 aad_bytes=64 data_bytes=64 key_setup_cycles=8 warm_cycles=326 cold_cycles=334 bytes_per_cycle=0.196319018 cycles_per_byte=5.093750000 stalls=0
METRIC architecture=overlap-1r64b case=perf-iv1-aad0-data0-encrypt mode=encrypt iv_bytes=1 aad_bytes=0 data_bytes=0 key_setup_cycles=8 warm_cycles=46 cold_cycles=54 bytes_per_cycle=null cycles_per_byte=null stalls=0
METRIC architecture=overlap-1r64b case=perf-iv1-aad0-data0-decrypt mode=decrypt iv_bytes=1 aad_bytes=0 data_bytes=0 key_setup_cycles=8 warm_cycles=47 cold_cycles=55 bytes_per_cycle=null cycles_per_byte=null stalls=0
METRIC architecture=overlap-1r64b case=perf-iv1-aad0-data1-encrypt mode=encrypt iv_bytes=1 aad_bytes=0 data_bytes=1 key_setup_cycles=8 warm_cycles=68 cold_cycles=76 bytes_per_cycle=0.014705882 cycles_per_byte=68.000000000 stalls=0
METRIC architecture=overlap-1r64b case=perf-iv1-aad0-data1-decrypt mode=decrypt iv_bytes=1 aad_bytes=0 data_bytes=1 key_setup_cycles=8 warm_cycles=69 cold_cycles=77 bytes_per_cycle=0.014492754 cycles_per_byte=69.000000000 stalls=0
METRIC architecture=overlap-1r64b case=perf-iv1-aad0-data15-encrypt mode=encrypt iv_bytes=1 aad_bytes=0 data_bytes=15 key_setup_cycles=8 warm_cycles=96 cold_cycles=104 bytes_per_cycle=0.156250000 cycles_per_byte=6.400000000 stalls=0
METRIC architecture=overlap-1r64b case=perf-iv1-aad0-data15-decrypt mode=decrypt iv_bytes=1 aad_bytes=0 data_bytes=15 key_setup_cycles=8 warm_cycles=97 cold_cycles=105 bytes_per_cycle=0.154639175 cycles_per_byte=6.466666667 stalls=0
METRIC architecture=overlap-1r64b case=perf-iv1-aad0-data16-encrypt mode=encrypt iv_bytes=1 aad_bytes=0 data_bytes=16 key_setup_cycles=8 warm_cycles=98 cold_cycles=106 bytes_per_cycle=0.163265306 cycles_per_byte=6.125000000 stalls=0
METRIC architecture=overlap-1r64b case=perf-iv1-aad0-data16-decrypt mode=decrypt iv_bytes=1 aad_bytes=0 data_bytes=16 key_setup_cycles=8 warm_cycles=99 cold_cycles=107 bytes_per_cycle=0.161616162 cycles_per_byte=6.187500000 stalls=0
METRIC architecture=overlap-1r64b case=perf-iv1-aad0-data17-encrypt mode=encrypt iv_bytes=1 aad_bytes=0 data_bytes=17 key_setup_cycles=8 warm_cycles=116 cold_cycles=124 bytes_per_cycle=0.146551724 cycles_per_byte=6.823529412 stalls=0
METRIC architecture=overlap-1r64b case=perf-iv1-aad0-data17-decrypt mode=decrypt iv_bytes=1 aad_bytes=0 data_bytes=17 key_setup_cycles=8 warm_cycles=117 cold_cycles=125 bytes_per_cycle=0.145299145 cycles_per_byte=6.882352941 stalls=0
METRIC architecture=overlap-1r64b case=perf-iv1-aad0-data31-encrypt mode=encrypt iv_bytes=1 aad_bytes=0 data_bytes=31 key_setup_cycles=8 warm_cycles=144 cold_cycles=152 bytes_per_cycle=0.215277778 cycles_per_byte=4.645161290 stalls=0
METRIC architecture=overlap-1r64b case=perf-iv1-aad0-data31-decrypt mode=decrypt iv_bytes=1 aad_bytes=0 data_bytes=31 key_setup_cycles=8 warm_cycles=145 cold_cycles=153 bytes_per_cycle=0.213793103 cycles_per_byte=4.677419355 stalls=0
METRIC architecture=overlap-1r64b case=perf-iv1-aad0-data32-encrypt mode=encrypt iv_bytes=1 aad_bytes=0 data_bytes=32 key_setup_cycles=8 warm_cycles=146 cold_cycles=154 bytes_per_cycle=0.219178082 cycles_per_byte=4.562500000 stalls=0
METRIC architecture=overlap-1r64b case=perf-iv1-aad0-data32-decrypt mode=decrypt iv_bytes=1 aad_bytes=0 data_bytes=32 key_setup_cycles=8 warm_cycles=147 cold_cycles=155 bytes_per_cycle=0.217687075 cycles_per_byte=4.593750000 stalls=0
METRIC architecture=overlap-1r64b case=perf-iv1-aad0-data64-encrypt mode=encrypt iv_bytes=1 aad_bytes=0 data_bytes=64 key_setup_cycles=8 warm_cycles=242 cold_cycles=250 bytes_per_cycle=0.264462810 cycles_per_byte=3.781250000 stalls=0
METRIC architecture=overlap-1r64b case=perf-iv1-aad0-data64-decrypt mode=decrypt iv_bytes=1 aad_bytes=0 data_bytes=64 key_setup_cycles=8 warm_cycles=243 cold_cycles=251 bytes_per_cycle=0.263374486 cycles_per_byte=3.796875000 stalls=0
METRIC architecture=overlap-1r64b case=perf-iv1-aad16-data0-encrypt mode=encrypt iv_bytes=1 aad_bytes=16 data_bytes=0 key_setup_cycles=8 warm_cycles=66 cold_cycles=74 bytes_per_cycle=null cycles_per_byte=null stalls=0
METRIC architecture=overlap-1r64b case=perf-iv1-aad16-data0-decrypt mode=decrypt iv_bytes=1 aad_bytes=16 data_bytes=0 key_setup_cycles=8 warm_cycles=67 cold_cycles=75 bytes_per_cycle=null cycles_per_byte=null stalls=0
METRIC architecture=overlap-1r64b case=perf-iv1-aad16-data1-encrypt mode=encrypt iv_bytes=1 aad_bytes=16 data_bytes=1 key_setup_cycles=8 warm_cycles=88 cold_cycles=96 bytes_per_cycle=0.011363636 cycles_per_byte=88.000000000 stalls=0
METRIC architecture=overlap-1r64b case=perf-iv1-aad16-data1-decrypt mode=decrypt iv_bytes=1 aad_bytes=16 data_bytes=1 key_setup_cycles=8 warm_cycles=89 cold_cycles=97 bytes_per_cycle=0.011235955 cycles_per_byte=89.000000000 stalls=0
METRIC architecture=overlap-1r64b case=perf-iv1-aad16-data15-encrypt mode=encrypt iv_bytes=1 aad_bytes=16 data_bytes=15 key_setup_cycles=8 warm_cycles=116 cold_cycles=124 bytes_per_cycle=0.129310345 cycles_per_byte=7.733333333 stalls=0
METRIC architecture=overlap-1r64b case=perf-iv1-aad16-data15-decrypt mode=decrypt iv_bytes=1 aad_bytes=16 data_bytes=15 key_setup_cycles=8 warm_cycles=117 cold_cycles=125 bytes_per_cycle=0.128205128 cycles_per_byte=7.800000000 stalls=0
METRIC architecture=overlap-1r64b case=perf-iv1-aad16-data16-encrypt mode=encrypt iv_bytes=1 aad_bytes=16 data_bytes=16 key_setup_cycles=8 warm_cycles=118 cold_cycles=126 bytes_per_cycle=0.135593220 cycles_per_byte=7.375000000 stalls=0
METRIC architecture=overlap-1r64b case=perf-iv1-aad16-data16-decrypt mode=decrypt iv_bytes=1 aad_bytes=16 data_bytes=16 key_setup_cycles=8 warm_cycles=119 cold_cycles=127 bytes_per_cycle=0.134453782 cycles_per_byte=7.437500000 stalls=0
METRIC architecture=overlap-1r64b case=perf-iv1-aad16-data17-encrypt mode=encrypt iv_bytes=1 aad_bytes=16 data_bytes=17 key_setup_cycles=8 warm_cycles=136 cold_cycles=144 bytes_per_cycle=0.125000000 cycles_per_byte=8.000000000 stalls=0
METRIC architecture=overlap-1r64b case=perf-iv1-aad16-data17-decrypt mode=decrypt iv_bytes=1 aad_bytes=16 data_bytes=17 key_setup_cycles=8 warm_cycles=137 cold_cycles=145 bytes_per_cycle=0.124087591 cycles_per_byte=8.058823529 stalls=0
METRIC architecture=overlap-1r64b case=perf-iv1-aad16-data31-encrypt mode=encrypt iv_bytes=1 aad_bytes=16 data_bytes=31 key_setup_cycles=8 warm_cycles=164 cold_cycles=172 bytes_per_cycle=0.189024390 cycles_per_byte=5.290322581 stalls=0
METRIC architecture=overlap-1r64b case=perf-iv1-aad16-data31-decrypt mode=decrypt iv_bytes=1 aad_bytes=16 data_bytes=31 key_setup_cycles=8 warm_cycles=165 cold_cycles=173 bytes_per_cycle=0.187878788 cycles_per_byte=5.322580645 stalls=0
METRIC architecture=overlap-1r64b case=perf-iv1-aad16-data32-encrypt mode=encrypt iv_bytes=1 aad_bytes=16 data_bytes=32 key_setup_cycles=8 warm_cycles=166 cold_cycles=174 bytes_per_cycle=0.192771084 cycles_per_byte=5.187500000 stalls=0
METRIC architecture=overlap-1r64b case=perf-iv1-aad16-data32-decrypt mode=decrypt iv_bytes=1 aad_bytes=16 data_bytes=32 key_setup_cycles=8 warm_cycles=167 cold_cycles=175 bytes_per_cycle=0.191616766 cycles_per_byte=5.218750000 stalls=0
METRIC architecture=overlap-1r64b case=perf-iv1-aad16-data64-encrypt mode=encrypt iv_bytes=1 aad_bytes=16 data_bytes=64 key_setup_cycles=8 warm_cycles=262 cold_cycles=270 bytes_per_cycle=0.244274809 cycles_per_byte=4.093750000 stalls=0
METRIC architecture=overlap-1r64b case=perf-iv1-aad16-data64-decrypt mode=decrypt iv_bytes=1 aad_bytes=16 data_bytes=64 key_setup_cycles=8 warm_cycles=263 cold_cycles=271 bytes_per_cycle=0.243346008 cycles_per_byte=4.109375000 stalls=0
METRIC architecture=overlap-1r64b case=perf-iv1-aad64-data0-encrypt mode=encrypt iv_bytes=1 aad_bytes=64 data_bytes=0 key_setup_cycles=8 warm_cycles=126 cold_cycles=134 bytes_per_cycle=null cycles_per_byte=null stalls=0
METRIC architecture=overlap-1r64b case=perf-iv1-aad64-data0-decrypt mode=decrypt iv_bytes=1 aad_bytes=64 data_bytes=0 key_setup_cycles=8 warm_cycles=127 cold_cycles=135 bytes_per_cycle=null cycles_per_byte=null stalls=0
METRIC architecture=overlap-1r64b case=perf-iv1-aad64-data1-encrypt mode=encrypt iv_bytes=1 aad_bytes=64 data_bytes=1 key_setup_cycles=8 warm_cycles=148 cold_cycles=156 bytes_per_cycle=0.006756757 cycles_per_byte=148.000000000 stalls=0
METRIC architecture=overlap-1r64b case=perf-iv1-aad64-data1-decrypt mode=decrypt iv_bytes=1 aad_bytes=64 data_bytes=1 key_setup_cycles=8 warm_cycles=149 cold_cycles=157 bytes_per_cycle=0.006711409 cycles_per_byte=149.000000000 stalls=0
METRIC architecture=overlap-1r64b case=perf-iv1-aad64-data15-encrypt mode=encrypt iv_bytes=1 aad_bytes=64 data_bytes=15 key_setup_cycles=8 warm_cycles=176 cold_cycles=184 bytes_per_cycle=0.085227273 cycles_per_byte=11.733333333 stalls=0
METRIC architecture=overlap-1r64b case=perf-iv1-aad64-data15-decrypt mode=decrypt iv_bytes=1 aad_bytes=64 data_bytes=15 key_setup_cycles=8 warm_cycles=177 cold_cycles=185 bytes_per_cycle=0.084745763 cycles_per_byte=11.800000000 stalls=0
METRIC architecture=overlap-1r64b case=perf-iv1-aad64-data16-encrypt mode=encrypt iv_bytes=1 aad_bytes=64 data_bytes=16 key_setup_cycles=8 warm_cycles=178 cold_cycles=186 bytes_per_cycle=0.089887640 cycles_per_byte=11.125000000 stalls=0
METRIC architecture=overlap-1r64b case=perf-iv1-aad64-data16-decrypt mode=decrypt iv_bytes=1 aad_bytes=64 data_bytes=16 key_setup_cycles=8 warm_cycles=179 cold_cycles=187 bytes_per_cycle=0.089385475 cycles_per_byte=11.187500000 stalls=0
METRIC architecture=overlap-1r64b case=perf-iv1-aad64-data17-encrypt mode=encrypt iv_bytes=1 aad_bytes=64 data_bytes=17 key_setup_cycles=8 warm_cycles=196 cold_cycles=204 bytes_per_cycle=0.086734694 cycles_per_byte=11.529411765 stalls=0
METRIC architecture=overlap-1r64b case=perf-iv1-aad64-data17-decrypt mode=decrypt iv_bytes=1 aad_bytes=64 data_bytes=17 key_setup_cycles=8 warm_cycles=197 cold_cycles=205 bytes_per_cycle=0.086294416 cycles_per_byte=11.588235294 stalls=0
METRIC architecture=overlap-1r64b case=perf-iv1-aad64-data31-encrypt mode=encrypt iv_bytes=1 aad_bytes=64 data_bytes=31 key_setup_cycles=8 warm_cycles=224 cold_cycles=232 bytes_per_cycle=0.138392857 cycles_per_byte=7.225806452 stalls=0
METRIC architecture=overlap-1r64b case=perf-iv1-aad64-data31-decrypt mode=decrypt iv_bytes=1 aad_bytes=64 data_bytes=31 key_setup_cycles=8 warm_cycles=225 cold_cycles=233 bytes_per_cycle=0.137777778 cycles_per_byte=7.258064516 stalls=0
METRIC architecture=overlap-1r64b case=perf-iv1-aad64-data32-encrypt mode=encrypt iv_bytes=1 aad_bytes=64 data_bytes=32 key_setup_cycles=8 warm_cycles=226 cold_cycles=234 bytes_per_cycle=0.141592920 cycles_per_byte=7.062500000 stalls=0
METRIC architecture=overlap-1r64b case=perf-iv1-aad64-data32-decrypt mode=decrypt iv_bytes=1 aad_bytes=64 data_bytes=32 key_setup_cycles=8 warm_cycles=227 cold_cycles=235 bytes_per_cycle=0.140969163 cycles_per_byte=7.093750000 stalls=0
METRIC architecture=overlap-1r64b case=perf-iv1-aad64-data64-encrypt mode=encrypt iv_bytes=1 aad_bytes=64 data_bytes=64 key_setup_cycles=8 warm_cycles=322 cold_cycles=330 bytes_per_cycle=0.198757764 cycles_per_byte=5.031250000 stalls=0
METRIC architecture=overlap-1r64b case=perf-iv1-aad64-data64-decrypt mode=decrypt iv_bytes=1 aad_bytes=64 data_bytes=64 key_setup_cycles=8 warm_cycles=323 cold_cycles=331 bytes_per_cycle=0.198142415 cycles_per_byte=5.046875000 stalls=0
GCM RTL: PASS architecture=overlap-1r64b corpus_operations=1038 stalled_replays=32 fixed_cycle_comparisons=38 min_cycles=46 max_cycles=326 mean_cycles=168.032 total_sim_cycles=204927
