METRIC architecture=overlap-karatsuba-1r2c case=perf-iv12-aad0-data0-encrypt mode=encrypt iv_bytes=12 aad_bytes=0 data_bytes=0 key_setup_cycles=8 warm_cycles=48 cold_cycles=56 bytes_per_cycle=null cycles_per_byte=null stalls=0
METRIC architecture=overlap-karatsuba-1r2c case=perf-iv12-aad0-data0-decrypt mode=decrypt iv_bytes=12 aad_bytes=0 data_bytes=0 key_setup_cycles=8 warm_cycles=49 cold_cycles=57 bytes_per_cycle=null cycles_per_byte=null stalls=0
METRIC architecture=overlap-karatsuba-1r2c case=perf-iv12-aad0-data1-encrypt mode=encrypt iv_bytes=12 aad_bytes=0 data_bytes=1 key_setup_cycles=8 warm_cycles=69 cold_cycles=77 bytes_per_cycle=0.014492754 cycles_per_byte=69.000000000 stalls=0
METRIC architecture=overlap-karatsuba-1r2c case=perf-iv12-aad0-data1-decrypt mode=decrypt iv_bytes=12 aad_bytes=0 data_bytes=1 key_setup_cycles=8 warm_cycles=70 cold_cycles=78 bytes_per_cycle=0.014285714 cycles_per_byte=70.000000000 stalls=0
METRIC architecture=overlap-karatsuba-1r2c case=perf-iv12-aad0-data15-encrypt mode=encrypt iv_bytes=12 aad_bytes=0 data_bytes=15 key_setup_cycles=8 warm_cycles=97 cold_cycles=105 bytes_per_cycle=0.154639175 cycles_per_byte=6.466666667 stalls=0
METRIC architecture=overlap-karatsuba-1r2c case=perf-iv12-aad0-data15-decrypt mode=decrypt iv_bytes=12 aad_bytes=0 data_bytes=15 key_setup_cycles=8 warm_cycles=98 cold_cycles=106 bytes_per_cycle=0.153061224 cycles_per_byte=6.533333333 stalls=0
METRIC architecture=overlap-karatsuba-1r2c case=perf-iv12-aad0-data16-encrypt mode=encrypt iv_bytes=12 aad_bytes=0 data_bytes=16 key_setup_cycles=8 warm_cycles=99 cold_cycles=107 bytes_per_cycle=0.161616162 cycles_per_byte=6.187500000 stalls=0
METRIC architecture=overlap-karatsuba-1r2c case=perf-iv12-aad0-data16-decrypt mode=decrypt iv_bytes=12 aad_bytes=0 data_bytes=16 key_setup_cycles=8 warm_cycles=100 cold_cycles=108 bytes_per_cycle=0.160000000 cycles_per_byte=6.250000000 stalls=0
METRIC architecture=overlap-karatsuba-1r2c case=perf-iv12-aad0-data17-encrypt mode=encrypt iv_bytes=12 aad_bytes=0 data_bytes=17 key_setup_cycles=8 warm_cycles=117 cold_cycles=125 bytes_per_cycle=0.145299145 cycles_per_byte=6.882352941 stalls=0
METRIC architecture=overlap-karatsuba-1r2c case=perf-iv12-aad0-data17-decrypt mode=decrypt iv_bytes=12 aad_bytes=0 data_bytes=17 key_setup_cycles=8 warm_cycles=118 cold_cycles=126 bytes_per_cycle=0.144067797 cycles_per_byte=6.941176471 stalls=0
METRIC architecture=overlap-karatsuba-1r2c case=perf-iv12-aad0-data31-encrypt mode=encrypt iv_bytes=12 aad_bytes=0 data_bytes=31 key_setup_cycles=8 warm_cycles=145 cold_cycles=153 bytes_per_cycle=0.213793103 cycles_per_byte=4.677419355 stalls=0
METRIC architecture=overlap-karatsuba-1r2c case=perf-iv12-aad0-data31-decrypt mode=decrypt iv_bytes=12 aad_bytes=0 data_bytes=31 key_setup_cycles=8 warm_cycles=146 cold_cycles=154 bytes_per_cycle=0.212328767 cycles_per_byte=4.709677419 stalls=0
METRIC architecture=overlap-karatsuba-1r2c case=perf-iv12-aad0-data32-encrypt mode=encrypt iv_bytes=12 aad_bytes=0 data_bytes=32 key_setup_cycles=8 warm_cycles=147 cold_cycles=155 bytes_per_cycle=0.217687075 cycles_per_byte=4.593750000 stalls=0
METRIC architecture=overlap-karatsuba-1r2c case=perf-iv12-aad0-data32-decrypt mode=decrypt iv_bytes=12 aad_bytes=0 data_bytes=32 key_setup_cycles=8 warm_cycles=148 cold_cycles=156 bytes_per_cycle=0.216216216 cycles_per_byte=4.625000000 stalls=0
METRIC architecture=overlap-karatsuba-1r2c case=perf-iv12-aad0-data64-encrypt mode=encrypt iv_bytes=12 aad_bytes=0 data_bytes=64 key_setup_cycles=8 warm_cycles=243 cold_cycles=251 bytes_per_cycle=0.263374486 cycles_per_byte=3.796875000 stalls=0
METRIC architecture=overlap-karatsuba-1r2c case=perf-iv12-aad0-data64-decrypt mode=decrypt iv_bytes=12 aad_bytes=0 data_bytes=64 key_setup_cycles=8 warm_cycles=244 cold_cycles=252 bytes_per_cycle=0.262295082 cycles_per_byte=3.812500000 stalls=0
METRIC architecture=overlap-karatsuba-1r2c case=perf-iv12-aad16-data0-encrypt mode=encrypt iv_bytes=12 aad_bytes=16 data_bytes=0 key_setup_cycles=8 warm_cycles=67 cold_cycles=75 bytes_per_cycle=null cycles_per_byte=null stalls=0
METRIC architecture=overlap-karatsuba-1r2c case=perf-iv12-aad16-data0-decrypt mode=decrypt iv_bytes=12 aad_bytes=16 data_bytes=0 key_setup_cycles=8 warm_cycles=68 cold_cycles=76 bytes_per_cycle=null cycles_per_byte=null stalls=0
METRIC architecture=overlap-karatsuba-1r2c case=perf-iv12-aad16-data1-encrypt mode=encrypt iv_bytes=12 aad_bytes=16 data_bytes=1 key_setup_cycles=8 warm_cycles=88 cold_cycles=96 bytes_per_cycle=0.011363636 cycles_per_byte=88.000000000 stalls=0
METRIC architecture=overlap-karatsuba-1r2c case=perf-iv12-aad16-data1-decrypt mode=decrypt iv_bytes=12 aad_bytes=16 data_bytes=1 key_setup_cycles=8 warm_cycles=89 cold_cycles=97 bytes_per_cycle=0.011235955 cycles_per_byte=89.000000000 stalls=0
METRIC architecture=overlap-karatsuba-1r2c case=perf-iv12-aad16-data15-encrypt mode=encrypt iv_bytes=12 aad_bytes=16 data_bytes=15 key_setup_cycles=8 warm_cycles=116 cold_cycles=124 bytes_per_cycle=0.129310345 cycles_per_byte=7.733333333 stalls=0
METRIC architecture=overlap-karatsuba-1r2c case=perf-iv12-aad16-data15-decrypt mode=decrypt iv_bytes=12 aad_bytes=16 data_bytes=15 key_setup_cycles=8 warm_cycles=117 cold_cycles=125 bytes_per_cycle=0.128205128 cycles_per_byte=7.800000000 stalls=0
METRIC architecture=overlap-karatsuba-1r2c case=perf-iv12-aad16-data16-encrypt mode=encrypt iv_bytes=12 aad_bytes=16 data_bytes=16 key_setup_cycles=8 warm_cycles=118 cold_cycles=126 bytes_per_cycle=0.135593220 cycles_per_byte=7.375000000 stalls=0
METRIC architecture=overlap-karatsuba-1r2c case=perf-iv12-aad16-data16-decrypt mode=decrypt iv_bytes=12 aad_bytes=16 data_bytes=16 key_setup_cycles=8 warm_cycles=119 cold_cycles=127 bytes_per_cycle=0.134453782 cycles_per_byte=7.437500000 stalls=0
METRIC architecture=overlap-karatsuba-1r2c case=perf-iv12-aad16-data17-encrypt mode=encrypt iv_bytes=12 aad_bytes=16 data_bytes=17 key_setup_cycles=8 warm_cycles=136 cold_cycles=144 bytes_per_cycle=0.125000000 cycles_per_byte=8.000000000 stalls=0
METRIC architecture=overlap-karatsuba-1r2c case=perf-iv12-aad16-data17-decrypt mode=decrypt iv_bytes=12 aad_bytes=16 data_bytes=17 key_setup_cycles=8 warm_cycles=137 cold_cycles=145 bytes_per_cycle=0.124087591 cycles_per_byte=8.058823529 stalls=0
METRIC architecture=overlap-karatsuba-1r2c case=perf-iv12-aad16-data31-encrypt mode=encrypt iv_bytes=12 aad_bytes=16 data_bytes=31 key_setup_cycles=8 warm_cycles=164 cold_cycles=172 bytes_per_cycle=0.189024390 cycles_per_byte=5.290322581 stalls=0
METRIC architecture=overlap-karatsuba-1r2c case=perf-iv12-aad16-data31-decrypt mode=decrypt iv_bytes=12 aad_bytes=16 data_bytes=31 key_setup_cycles=8 warm_cycles=165 cold_cycles=173 bytes_per_cycle=0.187878788 cycles_per_byte=5.322580645 stalls=0
METRIC architecture=overlap-karatsuba-1r2c case=perf-iv12-aad16-data32-encrypt mode=encrypt iv_bytes=12 aad_bytes=16 data_bytes=32 key_setup_cycles=8 warm_cycles=166 cold_cycles=174 bytes_per_cycle=0.192771084 cycles_per_byte=5.187500000 stalls=0
METRIC architecture=overlap-karatsuba-1r2c case=perf-iv12-aad16-data32-decrypt mode=decrypt iv_bytes=12 aad_bytes=16 data_bytes=32 key_setup_cycles=8 warm_cycles=167 cold_cycles=175 bytes_per_cycle=0.191616766 cycles_per_byte=5.218750000 stalls=0
METRIC architecture=overlap-karatsuba-1r2c case=perf-iv12-aad16-data64-encrypt mode=encrypt iv_bytes=12 aad_bytes=16 data_bytes=64 key_setup_cycles=8 warm_cycles=262 cold_cycles=270 bytes_per_cycle=0.244274809 cycles_per_byte=4.093750000 stalls=0
METRIC architecture=overlap-karatsuba-1r2c case=perf-iv12-aad16-data64-decrypt mode=decrypt iv_bytes=12 aad_bytes=16 data_bytes=64 key_setup_cycles=8 warm_cycles=263 cold_cycles=271 bytes_per_cycle=0.243346008 cycles_per_byte=4.109375000 stalls=0
METRIC architecture=overlap-karatsuba-1r2c case=perf-iv12-aad64-data0-encrypt mode=encrypt iv_bytes=12 aad_bytes=64 data_bytes=0 key_setup_cycles=8 warm_cycles=124 cold_cycles=132 bytes_per_cycle=null cycles_per_byte=null stalls=0
METRIC architecture=overlap-karatsuba-1r2c case=perf-iv12-aad64-data0-decrypt mode=decrypt iv_bytes=12 aad_bytes=64 data_bytes=0 key_setup_cycles=8 warm_cycles=125 cold_cycles=133 bytes_per_cycle=null cycles_per_byte=null stalls=0
METRIC architecture=overlap-karatsuba-1r2c case=perf-iv12-aad64-data1-encrypt mode=encrypt iv_bytes=12 aad_bytes=64 data_bytes=1 key_setup_cycles=8 warm_cycles=145 cold_cycles=153 bytes_per_cycle=0.006896552 cycles_per_byte=145.000000000 stalls=0
METRIC architecture=overlap-karatsuba-1r2c case=perf-iv12-aad64-data1-decrypt mode=decrypt iv_bytes=12 aad_bytes=64 data_bytes=1 key_setup_cycles=8 warm_cycles=146 cold_cycles=154 bytes_per_cycle=0.006849315 cycles_per_byte=146.000000000 stalls=0
METRIC architecture=overlap-karatsuba-1r2c case=perf-iv12-aad64-data15-encrypt mode=encrypt iv_bytes=12 aad_bytes=64 data_bytes=15 key_setup_cycles=8 warm_cycles=173 cold_cycles=181 bytes_per_cycle=0.086705202 cycles_per_byte=11.533333333 stalls=0
METRIC architecture=overlap-karatsuba-1r2c case=perf-iv12-aad64-data15-decrypt mode=decrypt iv_bytes=12 aad_bytes=64 data_bytes=15 key_setup_cycles=8 warm_cycles=174 cold_cycles=182 bytes_per_cycle=0.086206897 cycles_per_byte=11.600000000 stalls=0
METRIC architecture=overlap-karatsuba-1r2c case=perf-iv12-aad64-data16-encrypt mode=encrypt iv_bytes=12 aad_bytes=64 data_bytes=16 key_setup_cycles=8 warm_cycles=175 cold_cycles=183 bytes_per_cycle=0.091428571 cycles_per_byte=10.937500000 stalls=0
METRIC architecture=overlap-karatsuba-1r2c case=perf-iv12-aad64-data16-decrypt mode=decrypt iv_bytes=12 aad_bytes=64 data_bytes=16 key_setup_cycles=8 warm_cycles=176 cold_cycles=184 bytes_per_cycle=0.090909091 cycles_per_byte=11.000000000 stalls=0
METRIC architecture=overlap-karatsuba-1r2c case=perf-iv12-aad64-data17-encrypt mode=encrypt iv_bytes=12 aad_bytes=64 data_bytes=17 key_setup_cycles=8 warm_cycles=193 cold_cycles=201 bytes_per_cycle=0.088082902 cycles_per_byte=11.352941176 stalls=0
METRIC architecture=overlap-karatsuba-1r2c case=perf-iv12-aad64-data17-decrypt mode=decrypt iv_bytes=12 aad_bytes=64 data_bytes=17 key_setup_cycles=8 warm_cycles=194 cold_cycles=202 bytes_per_cycle=0.087628866 cycles_per_byte=11.411764706 stalls=0
METRIC architecture=overlap-karatsuba-1r2c case=perf-iv12-aad64-data31-encrypt mode=encrypt iv_bytes=12 aad_bytes=64 data_bytes=31 key_setup_cycles=8 warm_cycles=221 cold_cycles=229 bytes_per_cycle=0.140271493 cycles_per_byte=7.129032258 stalls=0
METRIC architecture=overlap-karatsuba-1r2c case=perf-iv12-aad64-data31-decrypt mode=decrypt iv_bytes=12 aad_bytes=64 data_bytes=31 key_setup_cycles=8 warm_cycles=222 cold_cycles=230 bytes_per_cycle=0.139639640 cycles_per_byte=7.161290323 stalls=0
METRIC architecture=overlap-karatsuba-1r2c case=perf-iv12-aad64-data32-encrypt mode=encrypt iv_bytes=12 aad_bytes=64 data_bytes=32 key_setup_cycles=8 warm_cycles=223 cold_cycles=231 bytes_per_cycle=0.143497758 cycles_per_byte=6.968750000 stalls=0
METRIC architecture=overlap-karatsuba-1r2c case=perf-iv12-aad64-data32-decrypt mode=decrypt iv_bytes=12 aad_bytes=64 data_bytes=32 key_setup_cycles=8 warm_cycles=224 cold_cycles=232 bytes_per_cycle=0.142857143 cycles_per_byte=7.000000000 stalls=0
METRIC architecture=overlap-karatsuba-1r2c case=perf-iv12-aad64-data64-encrypt mode=encrypt iv_bytes=12 aad_bytes=64 data_bytes=64 key_setup_cycles=8 warm_cycles=319 cold_cycles=327 bytes_per_cycle=0.200626959 cycles_per_byte=4.984375000 stalls=0
METRIC architecture=overlap-karatsuba-1r2c case=perf-iv12-aad64-data64-decrypt mode=decrypt iv_bytes=12 aad_bytes=64 data_bytes=64 key_setup_cycles=8 warm_cycles=320 cold_cycles=328 bytes_per_cycle=0.200000000 cycles_per_byte=5.000000000 stalls=0
METRIC architecture=overlap-karatsuba-1r2c case=perf-iv1-aad0-data0-encrypt mode=encrypt iv_bytes=1 aad_bytes=0 data_bytes=0 key_setup_cycles=8 warm_cycles=43 cold_cycles=51 bytes_per_cycle=null cycles_per_byte=null stalls=0
METRIC architecture=overlap-karatsuba-1r2c case=perf-iv1-aad0-data0-decrypt mode=decrypt iv_bytes=1 aad_bytes=0 data_bytes=0 key_setup_cycles=8 warm_cycles=44 cold_cycles=52 bytes_per_cycle=null cycles_per_byte=null stalls=0
METRIC architecture=overlap-karatsuba-1r2c case=perf-iv1-aad0-data1-encrypt mode=encrypt iv_bytes=1 aad_bytes=0 data_bytes=1 key_setup_cycles=8 warm_cycles=64 cold_cycles=72 bytes_per_cycle=0.015625000 cycles_per_byte=64.000000000 stalls=0
METRIC architecture=overlap-karatsuba-1r2c case=perf-iv1-aad0-data1-decrypt mode=decrypt iv_bytes=1 aad_bytes=0 data_bytes=1 key_setup_cycles=8 warm_cycles=65 cold_cycles=73 bytes_per_cycle=0.015384615 cycles_per_byte=65.000000000 stalls=0
METRIC architecture=overlap-karatsuba-1r2c case=perf-iv1-aad0-data15-encrypt mode=encrypt iv_bytes=1 aad_bytes=0 data_bytes=15 key_setup_cycles=8 warm_cycles=92 cold_cycles=100 bytes_per_cycle=0.163043478 cycles_per_byte=6.133333333 stalls=0
METRIC architecture=overlap-karatsuba-1r2c case=perf-iv1-aad0-data15-decrypt mode=decrypt iv_bytes=1 aad_bytes=0 data_bytes=15 key_setup_cycles=8 warm_cycles=93 cold_cycles=101 bytes_per_cycle=0.161290323 cycles_per_byte=6.200000000 stalls=0
METRIC architecture=overlap-karatsuba-1r2c case=perf-iv1-aad0-data16-encrypt mode=encrypt iv_bytes=1 aad_bytes=0 data_bytes=16 key_setup_cycles=8 warm_cycles=94 cold_cycles=102 bytes_per_cycle=0.170212766 cycles_per_byte=5.875000000 stalls=0
METRIC architecture=overlap-karatsuba-1r2c case=perf-iv1-aad0-data16-decrypt mode=decrypt iv_bytes=1 aad_bytes=0 data_bytes=16 key_setup_cycles=8 warm_cycles=95 cold_cycles=103 bytes_per_cycle=0.168421053 cycles_per_byte=5.937500000 stalls=0
METRIC architecture=overlap-karatsuba-1r2c case=perf-iv1-aad0-data17-encrypt mode=encrypt iv_bytes=1 aad_bytes=0 data_bytes=17 key_setup_cycles=8 warm_cycles=112 cold_cycles=120 bytes_per_cycle=0.151785714 cycles_per_byte=6.588235294 stalls=0
METRIC architecture=overlap-karatsuba-1r2c case=perf-iv1-aad0-data17-decrypt mode=decrypt iv_bytes=1 aad_bytes=0 data_bytes=17 key_setup_cycles=8 warm_cycles=113 cold_cycles=121 bytes_per_cycle=0.150442478 cycles_per_byte=6.647058824 stalls=0
METRIC architecture=overlap-karatsuba-1r2c case=perf-iv1-aad0-data31-encrypt mode=encrypt iv_bytes=1 aad_bytes=0 data_bytes=31 key_setup_cycles=8 warm_cycles=140 cold_cycles=148 bytes_per_cycle=0.221428571 cycles_per_byte=4.516129032 stalls=0
METRIC architecture=overlap-karatsuba-1r2c case=perf-iv1-aad0-data31-decrypt mode=decrypt iv_bytes=1 aad_bytes=0 data_bytes=31 key_setup_cycles=8 warm_cycles=141 cold_cycles=149 bytes_per_cycle=0.219858156 cycles_per_byte=4.548387097 stalls=0
METRIC architecture=overlap-karatsuba-1r2c case=perf-iv1-aad0-data32-encrypt mode=encrypt iv_bytes=1 aad_bytes=0 data_bytes=32 key_setup_cycles=8 warm_cycles=142 cold_cycles=150 bytes_per_cycle=0.225352113 cycles_per_byte=4.437500000 stalls=0
METRIC architecture=overlap-karatsuba-1r2c case=perf-iv1-aad0-data32-decrypt mode=decrypt iv_bytes=1 aad_bytes=0 data_bytes=32 key_setup_cycles=8 warm_cycles=143 cold_cycles=151 bytes_per_cycle=0.223776224 cycles_per_byte=4.468750000 stalls=0
METRIC architecture=overlap-karatsuba-1r2c case=perf-iv1-aad0-data64-encrypt mode=encrypt iv_bytes=1 aad_bytes=0 data_bytes=64 key_setup_cycles=8 warm_cycles=238 cold_cycles=246 bytes_per_cycle=0.268907563 cycles_per_byte=3.718750000 stalls=0
METRIC architecture=overlap-karatsuba-1r2c case=perf-iv1-aad0-data64-decrypt mode=decrypt iv_bytes=1 aad_bytes=0 data_bytes=64 key_setup_cycles=8 warm_cycles=239 cold_cycles=247 bytes_per_cycle=0.267782427 cycles_per_byte=3.734375000 stalls=0
METRIC architecture=overlap-karatsuba-1r2c case=perf-iv1-aad16-data0-encrypt mode=encrypt iv_bytes=1 aad_bytes=16 data_bytes=0 key_setup_cycles=8 warm_cycles=62 cold_cycles=70 bytes_per_cycle=null cycles_per_byte=null stalls=0
METRIC architecture=overlap-karatsuba-1r2c case=perf-iv1-aad16-data0-decrypt mode=decrypt iv_bytes=1 aad_bytes=16 data_bytes=0 key_setup_cycles=8 warm_cycles=63 cold_cycles=71 bytes_per_cycle=null cycles_per_byte=null stalls=0
METRIC architecture=overlap-karatsuba-1r2c case=perf-iv1-aad16-data1-encrypt mode=encrypt iv_bytes=1 aad_bytes=16 data_bytes=1 key_setup_cycles=8 warm_cycles=83 cold_cycles=91 bytes_per_cycle=0.012048193 cycles_per_byte=83.000000000 stalls=0
METRIC architecture=overlap-karatsuba-1r2c case=perf-iv1-aad16-data1-decrypt mode=decrypt iv_bytes=1 aad_bytes=16 data_bytes=1 key_setup_cycles=8 warm_cycles=84 cold_cycles=92 bytes_per_cycle=0.011904762 cycles_per_byte=84.000000000 stalls=0
METRIC architecture=overlap-karatsuba-1r2c case=perf-iv1-aad16-data15-encrypt mode=encrypt iv_bytes=1 aad_bytes=16 data_bytes=15 key_setup_cycles=8 warm_cycles=111 cold_cycles=119 bytes_per_cycle=0.135135135 cycles_per_byte=7.400000000 stalls=0
METRIC architecture=overlap-karatsuba-1r2c case=perf-iv1-aad16-data15-decrypt mode=decrypt iv_bytes=1 aad_bytes=16 data_bytes=15 key_setup_cycles=8 warm_cycles=112 cold_cycles=120 bytes_per_cycle=0.133928571 cycles_per_byte=7.466666667 stalls=0
METRIC architecture=overlap-karatsuba-1r2c case=perf-iv1-aad16-data16-encrypt mode=encrypt iv_bytes=1 aad_bytes=16 data_bytes=16 key_setup_cycles=8 warm_cycles=113 cold_cycles=121 bytes_per_cycle=0.141592920 cycles_per_byte=7.062500000 stalls=0
METRIC architecture=overlap-karatsuba-1r2c case=perf-iv1-aad16-data16-decrypt mode=decrypt iv_bytes=1 aad_bytes=16 data_bytes=16 key_setup_cycles=8 warm_cycles=114 cold_cycles=122 bytes_per_cycle=0.140350877 cycles_per_byte=7.125000000 stalls=0
METRIC architecture=overlap-karatsuba-1r2c case=perf-iv1-aad16-data17-encrypt mode=encrypt iv_bytes=1 aad_bytes=16 data_bytes=17 key_setup_cycles=8 warm_cycles=131 cold_cycles=139 bytes_per_cycle=0.129770992 cycles_per_byte=7.705882353 stalls=0
METRIC architecture=overlap-karatsuba-1r2c case=perf-iv1-aad16-data17-decrypt mode=decrypt iv_bytes=1 aad_bytes=16 data_bytes=17 key_setup_cycles=8 warm_cycles=132 cold_cycles=140 bytes_per_cycle=0.128787879 cycles_per_byte=7.764705882 stalls=0
METRIC architecture=overlap-karatsuba-1r2c case=perf-iv1-aad16-data31-encrypt mode=encrypt iv_bytes=1 aad_bytes=16 data_bytes=31 key_setup_cycles=8 warm_cycles=159 cold_cycles=167 bytes_per_cycle=0.194968553 cycles_per_byte=5.129032258 stalls=0
METRIC architecture=overlap-karatsuba-1r2c case=perf-iv1-aad16-data31-decrypt mode=decrypt iv_bytes=1 aad_bytes=16 data_bytes=31 key_setup_cycles=8 warm_cycles=160 cold_cycles=168 bytes_per_cycle=0.193750000 cycles_per_byte=5.161290323 stalls=0
METRIC architecture=overlap-karatsuba-1r2c case=perf-iv1-aad16-data32-encrypt mode=encrypt iv_bytes=1 aad_bytes=16 data_bytes=32 key_setup_cycles=8 warm_cycles=161 cold_cycles=169 bytes_per_cycle=0.198757764 cycles_per_byte=5.031250000 stalls=0
METRIC architecture=overlap-karatsuba-1r2c case=perf-iv1-aad16-data32-decrypt mode=decrypt iv_bytes=1 aad_bytes=16 data_bytes=32 key_setup_cycles=8 warm_cycles=162 cold_cycles=170 bytes_per_cycle=0.197530864 cycles_per_byte=5.062500000 stalls=0
METRIC architecture=overlap-karatsuba-1r2c case=perf-iv1-aad16-data64-encrypt mode=encrypt iv_bytes=1 aad_bytes=16 data_bytes=64 key_setup_cycles=8 warm_cycles=257 cold_cycles=265 bytes_per_cycle=0.249027237 cycles_per_byte=4.015625000 stalls=0
METRIC architecture=overlap-karatsuba-1r2c case=perf-iv1-aad16-data64-decrypt mode=decrypt iv_bytes=1 aad_bytes=16 data_bytes=64 key_setup_cycles=8 warm_cycles=258 cold_cycles=266 bytes_per_cycle=0.248062016 cycles_per_byte=4.031250000 stalls=0
METRIC architecture=overlap-karatsuba-1r2c case=perf-iv1-aad64-data0-encrypt mode=encrypt iv_bytes=1 aad_bytes=64 data_bytes=0 key_setup_cycles=8 warm_cycles=119 cold_cycles=127 bytes_per_cycle=null cycles_per_byte=null stalls=0
METRIC architecture=overlap-karatsuba-1r2c case=perf-iv1-aad64-data0-decrypt mode=decrypt iv_bytes=1 aad_bytes=64 data_bytes=0 key_setup_cycles=8 warm_cycles=120 cold_cycles=128 bytes_per_cycle=null cycles_per_byte=null stalls=0
METRIC architecture=overlap-karatsuba-1r2c case=perf-iv1-aad64-data1-encrypt mode=encrypt iv_bytes=1 aad_bytes=64 data_bytes=1 key_setup_cycles=8 warm_cycles=140 cold_cycles=148 bytes_per_cycle=0.007142857 cycles_per_byte=140.000000000 stalls=0
METRIC architecture=overlap-karatsuba-1r2c case=perf-iv1-aad64-data1-decrypt mode=decrypt iv_bytes=1 aad_bytes=64 data_bytes=1 key_setup_cycles=8 warm_cycles=141 cold_cycles=149 bytes_per_cycle=0.007092199 cycles_per_byte=141.000000000 stalls=0
METRIC architecture=overlap-karatsuba-1r2c case=perf-iv1-aad64-data15-encrypt mode=encrypt iv_bytes=1 aad_bytes=64 data_bytes=15 key_setup_cycles=8 warm_cycles=168 cold_cycles=176 bytes_per_cycle=0.089285714 cycles_per_byte=11.200000000 stalls=0
METRIC architecture=overlap-karatsuba-1r2c case=perf-iv1-aad64-data15-decrypt mode=decrypt iv_bytes=1 aad_bytes=64 data_bytes=15 key_setup_cycles=8 warm_cycles=169 cold_cycles=177 bytes_per_cycle=0.088757396 cycles_per_byte=11.266666667 stalls=0
METRIC architecture=overlap-karatsuba-1r2c case=perf-iv1-aad64-data16-encrypt mode=encrypt iv_bytes=1 aad_bytes=64 data_bytes=16 key_setup_cycles=8 warm_cycles=170 cold_cycles=178 bytes_per_cycle=0.094117647 cycles_per_byte=10.625000000 stalls=0
METRIC architecture=overlap-karatsuba-1r2c case=perf-iv1-aad64-data16-decrypt mode=decrypt iv_bytes=1 aad_bytes=64 data_bytes=16 key_setup_cycles=8 warm_cycles=171 cold_cycles=179 bytes_per_cycle=0.093567251 cycles_per_byte=10.687500000 stalls=0
METRIC architecture=overlap-karatsuba-1r2c case=perf-iv1-aad64-data17-encrypt mode=encrypt iv_bytes=1 aad_bytes=64 data_bytes=17 key_setup_cycles=8 warm_cycles=188 cold_cycles=196 bytes_per_cycle=0.090425532 cycles_per_byte=11.058823529 stalls=0
METRIC architecture=overlap-karatsuba-1r2c case=perf-iv1-aad64-data17-decrypt mode=decrypt iv_bytes=1 aad_bytes=64 data_bytes=17 key_setup_cycles=8 warm_cycles=189 cold_cycles=197 bytes_per_cycle=0.089947090 cycles_per_byte=11.117647059 stalls=0
METRIC architecture=overlap-karatsuba-1r2c case=perf-iv1-aad64-data31-encrypt mode=encrypt iv_bytes=1 aad_bytes=64 data_bytes=31 key_setup_cycles=8 warm_cycles=216 cold_cycles=224 bytes_per_cycle=0.143518519 cycles_per_byte=6.967741935 stalls=0
METRIC architecture=overlap-karatsuba-1r2c case=perf-iv1-aad64-data31-decrypt mode=decrypt iv_bytes=1 aad_bytes=64 data_bytes=31 key_setup_cycles=8 warm_cycles=217 cold_cycles=225 bytes_per_cycle=0.142857143 cycles_per_byte=7.000000000 stalls=0
METRIC architecture=overlap-karatsuba-1r2c case=perf-iv1-aad64-data32-encrypt mode=encrypt iv_bytes=1 aad_bytes=64 data_bytes=32 key_setup_cycles=8 warm_cycles=218 cold_cycles=226 bytes_per_cycle=0.146788991 cycles_per_byte=6.812500000 stalls=0
METRIC architecture=overlap-karatsuba-1r2c case=perf-iv1-aad64-data32-decrypt mode=decrypt iv_bytes=1 aad_bytes=64 data_bytes=32 key_setup_cycles=8 warm_cycles=219 cold_cycles=227 bytes_per_cycle=0.146118721 cycles_per_byte=6.843750000 stalls=0
METRIC architecture=overlap-karatsuba-1r2c case=perf-iv1-aad64-data64-encrypt mode=encrypt iv_bytes=1 aad_bytes=64 data_bytes=64 key_setup_cycles=8 warm_cycles=314 cold_cycles=322 bytes_per_cycle=0.203821656 cycles_per_byte=4.906250000 stalls=0
METRIC architecture=overlap-karatsuba-1r2c case=perf-iv1-aad64-data64-decrypt mode=decrypt iv_bytes=1 aad_bytes=64 data_bytes=64 key_setup_cycles=8 warm_cycles=315 cold_cycles=323 bytes_per_cycle=0.203174603 cycles_per_byte=4.921875000 stalls=0
GCM RTL: PASS architecture=overlap-karatsuba-1r2c corpus_operations=1038 stalled_replays=32 fixed_cycle_comparisons=38 min_cycles=43 max_cycles=320 mean_cycles=163.087 total_sim_cycles=199166
