METRIC architecture=overlap-both-1r64b case=perf-iv12-aad0-data0-encrypt mode=encrypt iv_bytes=12 aad_bytes=0 data_bytes=0 key_setup_cycles=8 warm_cycles=49 cold_cycles=57 bytes_per_cycle=null cycles_per_byte=null stalls=0
METRIC architecture=overlap-both-1r64b case=perf-iv12-aad0-data0-decrypt mode=decrypt iv_bytes=12 aad_bytes=0 data_bytes=0 key_setup_cycles=8 warm_cycles=50 cold_cycles=58 bytes_per_cycle=null cycles_per_byte=null stalls=0
METRIC architecture=overlap-both-1r64b case=perf-iv12-aad0-data1-encrypt mode=encrypt iv_bytes=12 aad_bytes=0 data_bytes=1 key_setup_cycles=8 warm_cycles=71 cold_cycles=79 bytes_per_cycle=0.014084507 cycles_per_byte=71.000000000 stalls=0
METRIC architecture=overlap-both-1r64b case=perf-iv12-aad0-data1-decrypt mode=decrypt iv_bytes=12 aad_bytes=0 data_bytes=1 key_setup_cycles=8 warm_cycles=68 cold_cycles=76 bytes_per_cycle=0.014705882 cycles_per_byte=68.000000000 stalls=0
METRIC architecture=overlap-both-1r64b case=perf-iv12-aad0-data15-encrypt mode=encrypt iv_bytes=12 aad_bytes=0 data_bytes=15 key_setup_cycles=8 warm_cycles=99 cold_cycles=107 bytes_per_cycle=0.151515152 cycles_per_byte=6.600000000 stalls=0
METRIC architecture=overlap-both-1r64b case=perf-iv12-aad0-data15-decrypt mode=decrypt iv_bytes=12 aad_bytes=0 data_bytes=15 key_setup_cycles=8 warm_cycles=96 cold_cycles=104 bytes_per_cycle=0.156250000 cycles_per_byte=6.400000000 stalls=0
METRIC architecture=overlap-both-1r64b case=perf-iv12-aad0-data16-encrypt mode=encrypt iv_bytes=12 aad_bytes=0 data_bytes=16 key_setup_cycles=8 warm_cycles=101 cold_cycles=109 bytes_per_cycle=0.158415842 cycles_per_byte=6.312500000 stalls=0
METRIC architecture=overlap-both-1r64b case=perf-iv12-aad0-data16-decrypt mode=decrypt iv_bytes=12 aad_bytes=0 data_bytes=16 key_setup_cycles=8 warm_cycles=98 cold_cycles=106 bytes_per_cycle=0.163265306 cycles_per_byte=6.125000000 stalls=0
METRIC architecture=overlap-both-1r64b case=perf-iv12-aad0-data17-encrypt mode=encrypt iv_bytes=12 aad_bytes=0 data_bytes=17 key_setup_cycles=8 warm_cycles=119 cold_cycles=127 bytes_per_cycle=0.142857143 cycles_per_byte=7.000000000 stalls=0
METRIC architecture=overlap-both-1r64b case=perf-iv12-aad0-data17-decrypt mode=decrypt iv_bytes=12 aad_bytes=0 data_bytes=17 key_setup_cycles=8 warm_cycles=116 cold_cycles=124 bytes_per_cycle=0.146551724 cycles_per_byte=6.823529412 stalls=0
METRIC architecture=overlap-both-1r64b case=perf-iv12-aad0-data31-encrypt mode=encrypt iv_bytes=12 aad_bytes=0 data_bytes=31 key_setup_cycles=8 warm_cycles=147 cold_cycles=155 bytes_per_cycle=0.210884354 cycles_per_byte=4.741935484 stalls=0
METRIC architecture=overlap-both-1r64b case=perf-iv12-aad0-data31-decrypt mode=decrypt iv_bytes=12 aad_bytes=0 data_bytes=31 key_setup_cycles=8 warm_cycles=144 cold_cycles=152 bytes_per_cycle=0.215277778 cycles_per_byte=4.645161290 stalls=0
METRIC architecture=overlap-both-1r64b case=perf-iv12-aad0-data32-encrypt mode=encrypt iv_bytes=12 aad_bytes=0 data_bytes=32 key_setup_cycles=8 warm_cycles=149 cold_cycles=157 bytes_per_cycle=0.214765101 cycles_per_byte=4.656250000 stalls=0
METRIC architecture=overlap-both-1r64b case=perf-iv12-aad0-data32-decrypt mode=decrypt iv_bytes=12 aad_bytes=0 data_bytes=32 key_setup_cycles=8 warm_cycles=146 cold_cycles=154 bytes_per_cycle=0.219178082 cycles_per_byte=4.562500000 stalls=0
METRIC architecture=overlap-both-1r64b case=perf-iv12-aad0-data64-encrypt mode=encrypt iv_bytes=12 aad_bytes=0 data_bytes=64 key_setup_cycles=8 warm_cycles=245 cold_cycles=253 bytes_per_cycle=0.261224490 cycles_per_byte=3.828125000 stalls=0
METRIC architecture=overlap-both-1r64b case=perf-iv12-aad0-data64-decrypt mode=decrypt iv_bytes=12 aad_bytes=0 data_bytes=64 key_setup_cycles=8 warm_cycles=242 cold_cycles=250 bytes_per_cycle=0.264462810 cycles_per_byte=3.781250000 stalls=0
METRIC architecture=overlap-both-1r64b case=perf-iv12-aad16-data0-encrypt mode=encrypt iv_bytes=12 aad_bytes=16 data_bytes=0 key_setup_cycles=8 warm_cycles=69 cold_cycles=77 bytes_per_cycle=null cycles_per_byte=null stalls=0
METRIC architecture=overlap-both-1r64b case=perf-iv12-aad16-data0-decrypt mode=decrypt iv_bytes=12 aad_bytes=16 data_bytes=0 key_setup_cycles=8 warm_cycles=70 cold_cycles=78 bytes_per_cycle=null cycles_per_byte=null stalls=0
METRIC architecture=overlap-both-1r64b case=perf-iv12-aad16-data1-encrypt mode=encrypt iv_bytes=12 aad_bytes=16 data_bytes=1 key_setup_cycles=8 warm_cycles=91 cold_cycles=99 bytes_per_cycle=0.010989011 cycles_per_byte=91.000000000 stalls=0
METRIC architecture=overlap-both-1r64b case=perf-iv12-aad16-data1-decrypt mode=decrypt iv_bytes=12 aad_bytes=16 data_bytes=1 key_setup_cycles=8 warm_cycles=88 cold_cycles=96 bytes_per_cycle=0.011363636 cycles_per_byte=88.000000000 stalls=0
METRIC architecture=overlap-both-1r64b case=perf-iv12-aad16-data15-encrypt mode=encrypt iv_bytes=12 aad_bytes=16 data_bytes=15 key_setup_cycles=8 warm_cycles=119 cold_cycles=127 bytes_per_cycle=0.126050420 cycles_per_byte=7.933333333 stalls=0
METRIC architecture=overlap-both-1r64b case=perf-iv12-aad16-data15-decrypt mode=decrypt iv_bytes=12 aad_bytes=16 data_bytes=15 key_setup_cycles=8 warm_cycles=116 cold_cycles=124 bytes_per_cycle=0.129310345 cycles_per_byte=7.733333333 stalls=0
METRIC architecture=overlap-both-1r64b case=perf-iv12-aad16-data16-encrypt mode=encrypt iv_bytes=12 aad_bytes=16 data_bytes=16 key_setup_cycles=8 warm_cycles=121 cold_cycles=129 bytes_per_cycle=0.132231405 cycles_per_byte=7.562500000 stalls=0
METRIC architecture=overlap-both-1r64b case=perf-iv12-aad16-data16-decrypt mode=decrypt iv_bytes=12 aad_bytes=16 data_bytes=16 key_setup_cycles=8 warm_cycles=118 cold_cycles=126 bytes_per_cycle=0.135593220 cycles_per_byte=7.375000000 stalls=0
METRIC architecture=overlap-both-1r64b case=perf-iv12-aad16-data17-encrypt mode=encrypt iv_bytes=12 aad_bytes=16 data_bytes=17 key_setup_cycles=8 warm_cycles=139 cold_cycles=147 bytes_per_cycle=0.122302158 cycles_per_byte=8.176470588 stalls=0
METRIC architecture=overlap-both-1r64b case=perf-iv12-aad16-data17-decrypt mode=decrypt iv_bytes=12 aad_bytes=16 data_bytes=17 key_setup_cycles=8 warm_cycles=136 cold_cycles=144 bytes_per_cycle=0.125000000 cycles_per_byte=8.000000000 stalls=0
METRIC architecture=overlap-both-1r64b case=perf-iv12-aad16-data31-encrypt mode=encrypt iv_bytes=12 aad_bytes=16 data_bytes=31 key_setup_cycles=8 warm_cycles=167 cold_cycles=175 bytes_per_cycle=0.185628743 cycles_per_byte=5.387096774 stalls=0
METRIC architecture=overlap-both-1r64b case=perf-iv12-aad16-data31-decrypt mode=decrypt iv_bytes=12 aad_bytes=16 data_bytes=31 key_setup_cycles=8 warm_cycles=164 cold_cycles=172 bytes_per_cycle=0.189024390 cycles_per_byte=5.290322581 stalls=0
METRIC architecture=overlap-both-1r64b case=perf-iv12-aad16-data32-encrypt mode=encrypt iv_bytes=12 aad_bytes=16 data_bytes=32 key_setup_cycles=8 warm_cycles=169 cold_cycles=177 bytes_per_cycle=0.189349112 cycles_per_byte=5.281250000 stalls=0
METRIC architecture=overlap-both-1r64b case=perf-iv12-aad16-data32-decrypt mode=decrypt iv_bytes=12 aad_bytes=16 data_bytes=32 key_setup_cycles=8 warm_cycles=166 cold_cycles=174 bytes_per_cycle=0.192771084 cycles_per_byte=5.187500000 stalls=0
METRIC architecture=overlap-both-1r64b case=perf-iv12-aad16-data64-encrypt mode=encrypt iv_bytes=12 aad_bytes=16 data_bytes=64 key_setup_cycles=8 warm_cycles=265 cold_cycles=273 bytes_per_cycle=0.241509434 cycles_per_byte=4.140625000 stalls=0
METRIC architecture=overlap-both-1r64b case=perf-iv12-aad16-data64-decrypt mode=decrypt iv_bytes=12 aad_bytes=16 data_bytes=64 key_setup_cycles=8 warm_cycles=262 cold_cycles=270 bytes_per_cycle=0.244274809 cycles_per_byte=4.093750000 stalls=0
METRIC architecture=overlap-both-1r64b case=perf-iv12-aad64-data0-encrypt mode=encrypt iv_bytes=12 aad_bytes=64 data_bytes=0 key_setup_cycles=8 warm_cycles=129 cold_cycles=137 bytes_per_cycle=null cycles_per_byte=null stalls=0
METRIC architecture=overlap-both-1r64b case=perf-iv12-aad64-data0-decrypt mode=decrypt iv_bytes=12 aad_bytes=64 data_bytes=0 key_setup_cycles=8 warm_cycles=130 cold_cycles=138 bytes_per_cycle=null cycles_per_byte=null stalls=0
METRIC architecture=overlap-both-1r64b case=perf-iv12-aad64-data1-encrypt mode=encrypt iv_bytes=12 aad_bytes=64 data_bytes=1 key_setup_cycles=8 warm_cycles=151 cold_cycles=159 bytes_per_cycle=0.006622517 cycles_per_byte=151.000000000 stalls=0
METRIC architecture=overlap-both-1r64b case=perf-iv12-aad64-data1-decrypt mode=decrypt iv_bytes=12 aad_bytes=64 data_bytes=1 key_setup_cycles=8 warm_cycles=148 cold_cycles=156 bytes_per_cycle=0.006756757 cycles_per_byte=148.000000000 stalls=0
METRIC architecture=overlap-both-1r64b case=perf-iv12-aad64-data15-encrypt mode=encrypt iv_bytes=12 aad_bytes=64 data_bytes=15 key_setup_cycles=8 warm_cycles=179 cold_cycles=187 bytes_per_cycle=0.083798883 cycles_per_byte=11.933333333 stalls=0
METRIC architecture=overlap-both-1r64b case=perf-iv12-aad64-data15-decrypt mode=decrypt iv_bytes=12 aad_bytes=64 data_bytes=15 key_setup_cycles=8 warm_cycles=176 cold_cycles=184 bytes_per_cycle=0.085227273 cycles_per_byte=11.733333333 stalls=0
METRIC architecture=overlap-both-1r64b case=perf-iv12-aad64-data16-encrypt mode=encrypt iv_bytes=12 aad_bytes=64 data_bytes=16 key_setup_cycles=8 warm_cycles=181 cold_cycles=189 bytes_per_cycle=0.088397790 cycles_per_byte=11.312500000 stalls=0
METRIC architecture=overlap-both-1r64b case=perf-iv12-aad64-data16-decrypt mode=decrypt iv_bytes=12 aad_bytes=64 data_bytes=16 key_setup_cycles=8 warm_cycles=178 cold_cycles=186 bytes_per_cycle=0.089887640 cycles_per_byte=11.125000000 stalls=0
METRIC architecture=overlap-both-1r64b case=perf-iv12-aad64-data17-encrypt mode=encrypt iv_bytes=12 aad_bytes=64 data_bytes=17 key_setup_cycles=8 warm_cycles=199 cold_cycles=207 bytes_per_cycle=0.085427136 cycles_per_byte=11.705882353 stalls=0
METRIC architecture=overlap-both-1r64b case=perf-iv12-aad64-data17-decrypt mode=decrypt iv_bytes=12 aad_bytes=64 data_bytes=17 key_setup_cycles=8 warm_cycles=196 cold_cycles=204 bytes_per_cycle=0.086734694 cycles_per_byte=11.529411765 stalls=0
METRIC architecture=overlap-both-1r64b case=perf-iv12-aad64-data31-encrypt mode=encrypt iv_bytes=12 aad_bytes=64 data_bytes=31 key_setup_cycles=8 warm_cycles=227 cold_cycles=235 bytes_per_cycle=0.136563877 cycles_per_byte=7.322580645 stalls=0
METRIC architecture=overlap-both-1r64b case=perf-iv12-aad64-data31-decrypt mode=decrypt iv_bytes=12 aad_bytes=64 data_bytes=31 key_setup_cycles=8 warm_cycles=224 cold_cycles=232 bytes_per_cycle=0.138392857 cycles_per_byte=7.225806452 stalls=0
METRIC architecture=overlap-both-1r64b case=perf-iv12-aad64-data32-encrypt mode=encrypt iv_bytes=12 aad_bytes=64 data_bytes=32 key_setup_cycles=8 warm_cycles=229 cold_cycles=237 bytes_per_cycle=0.139737991 cycles_per_byte=7.156250000 stalls=0
METRIC architecture=overlap-both-1r64b case=perf-iv12-aad64-data32-decrypt mode=decrypt iv_bytes=12 aad_bytes=64 data_bytes=32 key_setup_cycles=8 warm_cycles=226 cold_cycles=234 bytes_per_cycle=0.141592920 cycles_per_byte=7.062500000 stalls=0
METRIC architecture=overlap-both-1r64b case=perf-iv12-aad64-data64-encrypt mode=encrypt iv_bytes=12 aad_bytes=64 data_bytes=64 key_setup_cycles=8 warm_cycles=325 cold_cycles=333 bytes_per_cycle=0.196923077 cycles_per_byte=5.078125000 stalls=0
METRIC architecture=overlap-both-1r64b case=perf-iv12-aad64-data64-decrypt mode=decrypt iv_bytes=12 aad_bytes=64 data_bytes=64 key_setup_cycles=8 warm_cycles=322 cold_cycles=330 bytes_per_cycle=0.198757764 cycles_per_byte=5.031250000 stalls=0
METRIC architecture=overlap-both-1r64b case=perf-iv1-aad0-data0-encrypt mode=encrypt iv_bytes=1 aad_bytes=0 data_bytes=0 key_setup_cycles=8 warm_cycles=46 cold_cycles=54 bytes_per_cycle=null cycles_per_byte=null stalls=0
METRIC architecture=overlap-both-1r64b case=perf-iv1-aad0-data0-decrypt mode=decrypt iv_bytes=1 aad_bytes=0 data_bytes=0 key_setup_cycles=8 warm_cycles=47 cold_cycles=55 bytes_per_cycle=null cycles_per_byte=null stalls=0
METRIC architecture=overlap-both-1r64b case=perf-iv1-aad0-data1-encrypt mode=encrypt iv_bytes=1 aad_bytes=0 data_bytes=1 key_setup_cycles=8 warm_cycles=68 cold_cycles=76 bytes_per_cycle=0.014705882 cycles_per_byte=68.000000000 stalls=0
METRIC architecture=overlap-both-1r64b case=perf-iv1-aad0-data1-decrypt mode=decrypt iv_bytes=1 aad_bytes=0 data_bytes=1 key_setup_cycles=8 warm_cycles=65 cold_cycles=73 bytes_per_cycle=0.015384615 cycles_per_byte=65.000000000 stalls=0
METRIC architecture=overlap-both-1r64b case=perf-iv1-aad0-data15-encrypt mode=encrypt iv_bytes=1 aad_bytes=0 data_bytes=15 key_setup_cycles=8 warm_cycles=96 cold_cycles=104 bytes_per_cycle=0.156250000 cycles_per_byte=6.400000000 stalls=0
METRIC architecture=overlap-both-1r64b case=perf-iv1-aad0-data15-decrypt mode=decrypt iv_bytes=1 aad_bytes=0 data_bytes=15 key_setup_cycles=8 warm_cycles=93 cold_cycles=101 bytes_per_cycle=0.161290323 cycles_per_byte=6.200000000 stalls=0
METRIC architecture=overlap-both-1r64b case=perf-iv1-aad0-data16-encrypt mode=encrypt iv_bytes=1 aad_bytes=0 data_bytes=16 key_setup_cycles=8 warm_cycles=98 cold_cycles=106 bytes_per_cycle=0.163265306 cycles_per_byte=6.125000000 stalls=0
METRIC architecture=overlap-both-1r64b case=perf-iv1-aad0-data16-decrypt mode=decrypt iv_bytes=1 aad_bytes=0 data_bytes=16 key_setup_cycles=8 warm_cycles=95 cold_cycles=103 bytes_per_cycle=0.168421053 cycles_per_byte=5.937500000 stalls=0
METRIC architecture=overlap-both-1r64b case=perf-iv1-aad0-data17-encrypt mode=encrypt iv_bytes=1 aad_bytes=0 data_bytes=17 key_setup_cycles=8 warm_cycles=116 cold_cycles=124 bytes_per_cycle=0.146551724 cycles_per_byte=6.823529412 stalls=0
METRIC architecture=overlap-both-1r64b case=perf-iv1-aad0-data17-decrypt mode=decrypt iv_bytes=1 aad_bytes=0 data_bytes=17 key_setup_cycles=8 warm_cycles=113 cold_cycles=121 bytes_per_cycle=0.150442478 cycles_per_byte=6.647058824 stalls=0
METRIC architecture=overlap-both-1r64b case=perf-iv1-aad0-data31-encrypt mode=encrypt iv_bytes=1 aad_bytes=0 data_bytes=31 key_setup_cycles=8 warm_cycles=144 cold_cycles=152 bytes_per_cycle=0.215277778 cycles_per_byte=4.645161290 stalls=0
METRIC architecture=overlap-both-1r64b case=perf-iv1-aad0-data31-decrypt mode=decrypt iv_bytes=1 aad_bytes=0 data_bytes=31 key_setup_cycles=8 warm_cycles=141 cold_cycles=149 bytes_per_cycle=0.219858156 cycles_per_byte=4.548387097 stalls=0
METRIC architecture=overlap-both-1r64b case=perf-iv1-aad0-data32-encrypt mode=encrypt iv_bytes=1 aad_bytes=0 data_bytes=32 key_setup_cycles=8 warm_cycles=146 cold_cycles=154 bytes_per_cycle=0.219178082 cycles_per_byte=4.562500000 stalls=0
METRIC architecture=overlap-both-1r64b case=perf-iv1-aad0-data32-decrypt mode=decrypt iv_bytes=1 aad_bytes=0 data_bytes=32 key_setup_cycles=8 warm_cycles=143 cold_cycles=151 bytes_per_cycle=0.223776224 cycles_per_byte=4.468750000 stalls=0
METRIC architecture=overlap-both-1r64b case=perf-iv1-aad0-data64-encrypt mode=encrypt iv_bytes=1 aad_bytes=0 data_bytes=64 key_setup_cycles=8 warm_cycles=242 cold_cycles=250 bytes_per_cycle=0.264462810 cycles_per_byte=3.781250000 stalls=0
METRIC architecture=overlap-both-1r64b case=perf-iv1-aad0-data64-decrypt mode=decrypt iv_bytes=1 aad_bytes=0 data_bytes=64 key_setup_cycles=8 warm_cycles=239 cold_cycles=247 bytes_per_cycle=0.267782427 cycles_per_byte=3.734375000 stalls=0
METRIC architecture=overlap-both-1r64b case=perf-iv1-aad16-data0-encrypt mode=encrypt iv_bytes=1 aad_bytes=16 data_bytes=0 key_setup_cycles=8 warm_cycles=66 cold_cycles=74 bytes_per_cycle=null cycles_per_byte=null stalls=0
METRIC architecture=overlap-both-1r64b case=perf-iv1-aad16-data0-decrypt mode=decrypt iv_bytes=1 aad_bytes=16 data_bytes=0 key_setup_cycles=8 warm_cycles=67 cold_cycles=75 bytes_per_cycle=null cycles_per_byte=null stalls=0
METRIC architecture=overlap-both-1r64b case=perf-iv1-aad16-data1-encrypt mode=encrypt iv_bytes=1 aad_bytes=16 data_bytes=1 key_setup_cycles=8 warm_cycles=88 cold_cycles=96 bytes_per_cycle=0.011363636 cycles_per_byte=88.000000000 stalls=0
METRIC architecture=overlap-both-1r64b case=perf-iv1-aad16-data1-decrypt mode=decrypt iv_bytes=1 aad_bytes=16 data_bytes=1 key_setup_cycles=8 warm_cycles=85 cold_cycles=93 bytes_per_cycle=0.011764706 cycles_per_byte=85.000000000 stalls=0
METRIC architecture=overlap-both-1r64b case=perf-iv1-aad16-data15-encrypt mode=encrypt iv_bytes=1 aad_bytes=16 data_bytes=15 key_setup_cycles=8 warm_cycles=116 cold_cycles=124 bytes_per_cycle=0.129310345 cycles_per_byte=7.733333333 stalls=0
METRIC architecture=overlap-both-1r64b case=perf-iv1-aad16-data15-decrypt mode=decrypt iv_bytes=1 aad_bytes=16 data_bytes=15 key_setup_cycles=8 warm_cycles=113 cold_cycles=121 bytes_per_cycle=0.132743363 cycles_per_byte=7.533333333 stalls=0
METRIC architecture=overlap-both-1r64b case=perf-iv1-aad16-data16-encrypt mode=encrypt iv_bytes=1 aad_bytes=16 data_bytes=16 key_setup_cycles=8 warm_cycles=118 cold_cycles=126 bytes_per_cycle=0.135593220 cycles_per_byte=7.375000000 stalls=0
METRIC architecture=overlap-both-1r64b case=perf-iv1-aad16-data16-decrypt mode=decrypt iv_bytes=1 aad_bytes=16 data_bytes=16 key_setup_cycles=8 warm_cycles=115 cold_cycles=123 bytes_per_cycle=0.139130435 cycles_per_byte=7.187500000 stalls=0
METRIC architecture=overlap-both-1r64b case=perf-iv1-aad16-data17-encrypt mode=encrypt iv_bytes=1 aad_bytes=16 data_bytes=17 key_setup_cycles=8 warm_cycles=136 cold_cycles=144 bytes_per_cycle=0.125000000 cycles_per_byte=8.000000000 stalls=0
METRIC architecture=overlap-both-1r64b case=perf-iv1-aad16-data17-decrypt mode=decrypt iv_bytes=1 aad_bytes=16 data_bytes=17 key_setup_cycles=8 warm_cycles=133 cold_cycles=141 bytes_per_cycle=0.127819549 cycles_per_byte=7.823529412 stalls=0
METRIC architecture=overlap-both-1r64b case=perf-iv1-aad16-data31-encrypt mode=encrypt iv_bytes=1 aad_bytes=16 data_bytes=31 key_setup_cycles=8 warm_cycles=164 cold_cycles=172 bytes_per_cycle=0.189024390 cycles_per_byte=5.290322581 stalls=0
METRIC architecture=overlap-both-1r64b case=perf-iv1-aad16-data31-decrypt mode=decrypt iv_bytes=1 aad_bytes=16 data_bytes=31 key_setup_cycles=8 warm_cycles=161 cold_cycles=169 bytes_per_cycle=0.192546584 cycles_per_byte=5.193548387 stalls=0
METRIC architecture=overlap-both-1r64b case=perf-iv1-aad16-data32-encrypt mode=encrypt iv_bytes=1 aad_bytes=16 data_bytes=32 key_setup_cycles=8 warm_cycles=166 cold_cycles=174 bytes_per_cycle=0.192771084 cycles_per_byte=5.187500000 stalls=0
METRIC architecture=overlap-both-1r64b case=perf-iv1-aad16-data32-decrypt mode=decrypt iv_bytes=1 aad_bytes=16 data_bytes=32 key_setup_cycles=8 warm_cycles=163 cold_cycles=171 bytes_per_cycle=0.196319018 cycles_per_byte=5.093750000 stalls=0
METRIC architecture=overlap-both-1r64b case=perf-iv1-aad16-data64-encrypt mode=encrypt iv_bytes=1 aad_bytes=16 data_bytes=64 key_setup_cycles=8 warm_cycles=262 cold_cycles=270 bytes_per_cycle=0.244274809 cycles_per_byte=4.093750000 stalls=0
METRIC architecture=overlap-both-1r64b case=perf-iv1-aad16-data64-decrypt mode=decrypt iv_bytes=1 aad_bytes=16 data_bytes=64 key_setup_cycles=8 warm_cycles=259 cold_cycles=267 bytes_per_cycle=0.247104247 cycles_per_byte=4.046875000 stalls=0
METRIC architecture=overlap-both-1r64b case=perf-iv1-aad64-data0-encrypt mode=encrypt iv_bytes=1 aad_bytes=64 data_bytes=0 key_setup_cycles=8 warm_cycles=126 cold_cycles=134 bytes_per_cycle=null cycles_per_byte=null stalls=0
METRIC architecture=overlap-both-1r64b case=perf-iv1-aad64-data0-decrypt mode=decrypt iv_bytes=1 aad_bytes=64 data_bytes=0 key_setup_cycles=8 warm_cycles=127 cold_cycles=135 bytes_per_cycle=null cycles_per_byte=null stalls=0
METRIC architecture=overlap-both-1r64b case=perf-iv1-aad64-data1-encrypt mode=encrypt iv_bytes=1 aad_bytes=64 data_bytes=1 key_setup_cycles=8 warm_cycles=148 cold_cycles=156 bytes_per_cycle=0.006756757 cycles_per_byte=148.000000000 stalls=0
METRIC architecture=overlap-both-1r64b case=perf-iv1-aad64-data1-decrypt mode=decrypt iv_bytes=1 aad_bytes=64 data_bytes=1 key_setup_cycles=8 warm_cycles=145 cold_cycles=153 bytes_per_cycle=0.006896552 cycles_per_byte=145.000000000 stalls=0
METRIC architecture=overlap-both-1r64b case=perf-iv1-aad64-data15-encrypt mode=encrypt iv_bytes=1 aad_bytes=64 data_bytes=15 key_setup_cycles=8 warm_cycles=176 cold_cycles=184 bytes_per_cycle=0.085227273 cycles_per_byte=11.733333333 stalls=0
METRIC architecture=overlap-both-1r64b case=perf-iv1-aad64-data15-decrypt mode=decrypt iv_bytes=1 aad_bytes=64 data_bytes=15 key_setup_cycles=8 warm_cycles=173 cold_cycles=181 bytes_per_cycle=0.086705202 cycles_per_byte=11.533333333 stalls=0
METRIC architecture=overlap-both-1r64b case=perf-iv1-aad64-data16-encrypt mode=encrypt iv_bytes=1 aad_bytes=64 data_bytes=16 key_setup_cycles=8 warm_cycles=178 cold_cycles=186 bytes_per_cycle=0.089887640 cycles_per_byte=11.125000000 stalls=0
METRIC architecture=overlap-both-1r64b case=perf-iv1-aad64-data16-decrypt mode=decrypt iv_bytes=1 aad_bytes=64 data_bytes=16 key_setup_cycles=8 warm_cycles=175 cold_cycles=183 bytes_per_cycle=0.091428571 cycles_per_byte=10.937500000 stalls=0
METRIC architecture=overlap-both-1r64b case=perf-iv1-aad64-data17-encrypt mode=encrypt iv_bytes=1 aad_bytes=64 data_bytes=17 key_setup_cycles=8 warm_cycles=196 cold_cycles=204 bytes_per_cycle=0.086734694 cycles_per_byte=11.529411765 stalls=0
METRIC architecture=overlap-both-1r64b case=perf-iv1-aad64-data17-decrypt mode=decrypt iv_bytes=1 aad_bytes=64 data_bytes=17 key_setup_cycles=8 warm_cycles=193 cold_cycles=201 bytes_per_cycle=0.088082902 cycles_per_byte=11.352941176 stalls=0
METRIC architecture=overlap-both-1r64b case=perf-iv1-aad64-data31-encrypt mode=encrypt iv_bytes=1 aad_bytes=64 data_bytes=31 key_setup_cycles=8 warm_cycles=224 cold_cycles=232 bytes_per_cycle=0.138392857 cycles_per_byte=7.225806452 stalls=0
METRIC architecture=overlap-both-1r64b case=perf-iv1-aad64-data31-decrypt mode=decrypt iv_bytes=1 aad_bytes=64 data_bytes=31 key_setup_cycles=8 warm_cycles=221 cold_cycles=229 bytes_per_cycle=0.140271493 cycles_per_byte=7.129032258 stalls=0
METRIC architecture=overlap-both-1r64b case=perf-iv1-aad64-data32-encrypt mode=encrypt iv_bytes=1 aad_bytes=64 data_bytes=32 key_setup_cycles=8 warm_cycles=226 cold_cycles=234 bytes_per_cycle=0.141592920 cycles_per_byte=7.062500000 stalls=0
METRIC architecture=overlap-both-1r64b case=perf-iv1-aad64-data32-decrypt mode=decrypt iv_bytes=1 aad_bytes=64 data_bytes=32 key_setup_cycles=8 warm_cycles=223 cold_cycles=231 bytes_per_cycle=0.143497758 cycles_per_byte=6.968750000 stalls=0
METRIC architecture=overlap-both-1r64b case=perf-iv1-aad64-data64-encrypt mode=encrypt iv_bytes=1 aad_bytes=64 data_bytes=64 key_setup_cycles=8 warm_cycles=322 cold_cycles=330 bytes_per_cycle=0.198757764 cycles_per_byte=5.031250000 stalls=0
METRIC architecture=overlap-both-1r64b case=perf-iv1-aad64-data64-decrypt mode=decrypt iv_bytes=1 aad_bytes=64 data_bytes=64 key_setup_cycles=8 warm_cycles=319 cold_cycles=327 bytes_per_cycle=0.200626959 cycles_per_byte=4.984375000 stalls=0
GCM RTL: PASS architecture=overlap-both-1r64b corpus_operations=1038 stalled_replays=32 fixed_cycle_comparisons=38 min_cycles=46 max_cycles=325 mean_cycles=165.912 total_sim_cycles=202500
